Archive member included to satisfy reference by file (symbol)

D:/devkitPro/libnx/lib\libnx.a(mutex.o)
                              recorder.o (mutexLock)
D:/devkitPro/libnx/lib\libnx.a(thread.o)
                              common.o (threadCreate)
D:/devkitPro/libnx/lib\libnx.a(virtmem.o)
                              D:/devkitPro/libnx/lib\libnx.a(thread.o) (virtmemLock)
D:/devkitPro/libnx/lib\libnx.a(wait.o)
                              D:/devkitPro/libnx/lib\libnx.a(thread.o) (waitHandles)
D:/devkitPro/libnx/lib\libnx.a(fatal.o)
                              main.o (fatalThrow)
D:/devkitPro/libnx/lib\libnx.a(fs.o)
                              main.o (fsInitialize)
D:/devkitPro/libnx/lib\libnx.a(hid.o)
                              main.o (hidInitialize)
D:/devkitPro/libnx/lib\libnx.a(hiddbg.o)
                              main.o (hiddbgInitialize)
D:/devkitPro/libnx/lib\libnx.a(hidsys.o)
                              main.o (hidsysInitialize)
D:/devkitPro/libnx/lib\libnx.a(notif.o)
                              main.o (notifInitialize)
D:/devkitPro/libnx/lib\libnx.a(set.o)
                              main.o (setsysInitialize)
D:/devkitPro/libnx/lib\libnx.a(sm.o)
                              main.o (smInitialize)
D:/devkitPro/libnx/lib\libnx.a(time.o)
                              main.o (timeInitialize)
D:/devkitPro/libnx/lib\libnx.a(hid_la.o)
                              D:/devkitPro/libnx/lib\libnx.a(notif.o) (hidLaShowControllerFirmwareUpdate)
D:/devkitPro/libnx/lib\libnx.a(libapplet.o)
                              D:/devkitPro/libnx/lib\libnx.a(hid_la.o) (libappletArgsCreate)
D:/devkitPro/libnx/lib\libnx.a(alloc.o)
                              D:/devkitPro/libnx/lib\libnx.a(virtmem.o) (__libnx_alloc)
D:/devkitPro/libnx/lib\libnx.a(diag.o)
                              D:/devkitPro/libnx/lib\libnx.a(thread.o) (diagAbortWithResult)
D:/devkitPro/libnx/lib\libnx.a(env.o)
                              D:/devkitPro/libnx/lib\libnx.a(thread.o) (envGetMainThreadHandle)
D:/devkitPro/libnx/lib\libnx.a(hosversion.o)
                              D:/devkitPro/libnx/lib\libnx.a(fatal.o) (hosversionGet)
D:/devkitPro/libnx/lib\libnx.a(fs_dev.o)
                              main.o (fsdevMountSdmc)
D:/devkitPro/libnx/lib\libnx.a(path_buf.o)
                              D:/devkitPro/libnx/lib\libnx.a(fs_dev.o) (__nx_dev_path_buf)
D:/devkitPro/libnx/lib\libnx.a(socket.o)
                              main.o (socketExit)
D:/devkitPro/libnx/lib\libnx.a(inet_addr.o)
                              log.o (inet_addr)
D:/devkitPro/libnx/lib\libnx.a(decode_utf8.o)
                              D:/devkitPro/libnx/lib\libnx.a(fs_dev.o) (decode_utf8)
D:/devkitPro/libnx/lib\libnx.a(svc.o)
                              D:/devkitPro/libnx/lib\libnx.a(thread.o) (svcMapMemory)
D:/devkitPro/libnx/lib\libnx.a(readtp.o)
                              D:/devkitPro/libnx/lib\libnx.a(fs.o) (__aarch64_read_tp)
D:/devkitPro/libnx/lib\libnx.a(switch_crt0.o)
                              (_start)
D:/devkitPro/libnx/lib\libnx.a(event.o)
                              D:/devkitPro/libnx/lib\libnx.a(fs.o) (eventLoadRemote)
D:/devkitPro/libnx/lib\libnx.a(random.o)
                              D:/devkitPro/libnx/lib\libnx.a(virtmem.o) (randomGet64)
D:/devkitPro/libnx/lib\libnx.a(shmem.o)
                              D:/devkitPro/libnx/lib\libnx.a(hid.o) (shmemLoadRemote)
D:/devkitPro/libnx/lib\libnx.a(tmem.o)
                              D:/devkitPro/libnx/lib\libnx.a(hiddbg.o) (tmemCreate)
D:/devkitPro/libnx/lib\libnx.a(sessionmgr.o)
                              D:/devkitPro/libnx/lib\libnx.a(fs.o) (sessionmgrCreate)
D:/devkitPro/libnx/lib\libnx.a(applet.o)
                              D:/devkitPro/libnx/lib\libnx.a(libapplet.o) (appletGetThemeColorType)
D:/devkitPro/libnx/lib\libnx.a(bsd.o)
                              D:/devkitPro/libnx/lib\libnx.a(socket.o) (g_bsdResult)
D:/devkitPro/libnx/lib\libnx.a(nifm.o)
                              D:/devkitPro/libnx/lib\libnx.a(socket.o) (nifmRequestRegisterSocketDescriptor)
D:/devkitPro/libnx/lib\libnx.a(ssl.o)
                              D:/devkitPro/libnx/lib\libnx.a(socket.o) (sslConnectionSetSocketDescriptor)
D:/devkitPro/libnx/lib\libnx.a(argv.o)
                              D:/devkitPro/libnx/lib\libnx.a(fs_dev.o) (__system_argc)
D:/devkitPro/libnx/lib\libnx.a(dynamic.o)
                              D:/devkitPro/libnx/lib\libnx.a(switch_crt0.o) (__nx_dynamic)
D:/devkitPro/libnx/lib\libnx.a(init.o)
                              D:/devkitPro/libnx/lib\libnx.a(switch_crt0.o) (__libnx_init)
D:/devkitPro/libnx/lib\libnx.a(newlib.o)
                              D:/devkitPro/libnx/lib\libnx.a(init.o) (__libnx_init_time)
D:/devkitPro/libnx/lib\libnx.a(nxlink.o)
                              D:/devkitPro/libnx/lib\libnx.a(argv.o) (nxlinkSetup)
D:/devkitPro/libnx/lib\libnx.a(convert_errno.o)
[...]
Memory Configuration

Name             Origin             Length             Attributes
*default*        0x0000000000000000 0xffffffffffffffff

Linker script and memory map

                0x0000000000000000                PROVIDE (__start__ = 0x0)
                0x0000000000000000                . = __start__
                [!provide]                        PROVIDE (__code_start = .)

.text           0x0000000000000000    0x1c670
 *(.crt0)
 .crt0          0x0000000000000000      0x124 D:/devkitPro/libnx/lib\libnx.a(switch_crt0.o)
                0x0000000000000000                _start
                0x00000000000000e0                __nx_exit
                0x00000000000000f0                __nx_mod0
 *(.text.unlikely .text.*_unlikely .text.unlikely.*)
 *(.text.exit .text.exit.*)
 *fill*         0x0000000000000124       0x1c 
 .text.exit     0x0000000000000140       0x34 D:/devkitPro/devkitA64/bin/../lib/gcc/aarch64-none-elf/15.1.0/../../../../aarch64-none-elf/lib/pic\libg.a(libc_a-exit.o)
                0x0000000000000140                exit
 *(.text.startup .text.startup.*)
 *fill*         0x0000000000000174        0xc 
 .text.startup.main
                0x0000000000000180       0x3c main.o
                0x0000000000000180                main
 *(.text.hot .text.hot.*)
 *(.text .stub .text.* .gnu.linkonce.t.*)
 *fill*         0x00000000000001bc        0x4 
 .text.__do_global_dtors_aux
                0x00000000000001c0       0x50 D:/devkitPro/devkitA64/bin/../lib/gcc/aarch64-none-elf/15.1.0/pic/crtbegin.o
 *fill*         0x0000000000000210       0x10 
 .text.frame_dummy
                0x0000000000000220       0x24 D:/devkitPro/devkitA64/bin/../lib/gcc/aarch64-none-elf/15.1.0/pic/crtbegin.o
 *fill*         0x0000000000000244        0xc 
 .text.listenThreadFun
                0x0000000000000250      0x1c4 common.o
 *fill*         0x0000000000000414        0xc 
 .text.padMacroInitialize
                0x0000000000000420       0xe8 common.o
                0x0000000000000420                padMacroInitialize
 *fill*         0x0000000000000508        0x8 
 .text.parse_u64_auto
                0x0000000000000510       0x84 config.o
 *fill*         0x0000000000000594        0xc 
 .text.parse_bool
                0x00000000000005a0       0xdc config.o
 *fill*         0x000000000000067c        0x4 
 .text.trim.part.0
                0x0000000000000680       0x9c config.o
 *fill*         0x000000000000071c        0x4 
 .text.loadConfig
                0x0000000000000720      0x450 config.o
                0x0000000000000720                loadConfig
 .text.getRecordButtonMask
                0x0000000000000b70        0xc config.o
                0x0000000000000b70                getRecordButtonMask
 *fill*         0x0000000000000b7c        0x4 
 .text.getPlayLatestButtonMask
                0x0000000000000b80        0xc config.o
                0x0000000000000b80                getPlayLatestButtonMask
 *fill*         0x0000000000000b8c        0x4 
 .text.recorderEnable
                0x0000000000000b90        0xc config.o
                0x0000000000000b90                recorderEnable
 *fill*         0x0000000000000b9c        0x4 
 .text.playerEnable
                0x0000000000000ba0        0xc config.o
                0x0000000000000ba0                playerEnable
 *fill*         0x0000000000000bac        0x4 
 .text.maskMatch
                0x0000000000000bb0       0x54 config.o
                0x0000000000000bb0                maskMatch
 *fill*         0x0000000000000c04        0xc 
 .text.controllerInitialize
                0x0000000000000c10       0xf4 controller.o
                0x0000000000000c10                controllerInitialize
 *fill*         0x0000000000000d04        0xc 
 .text.readState
                0x0000000000000d10       0x94 controller.o
                0x0000000000000d10                readState
 *fill*         0x0000000000000da4        0xc 
 .text.writeState
                0x0000000000000db0       0x74 controller.o
                0x0000000000000db0                writeState
 *fill*         0x0000000000000e24        0xc 
 .text.__libnx_initheap
                0x0000000000000e30       0x28 main.o
                0x0000000000000e30                __libnx_initheap
 *fill*         0x0000000000000e58        0x8 
 .text.__appInit
                0x0000000000000e60       0xa4 main.o
                0x0000000000000e60                __appInit
 *fill*         0x0000000000000f04        0xc 
 .text.__appExit
                0x0000000000000f10       0x9c main.o
                0x0000000000000f10                __appExit
 *fill*         0x0000000000000fac        0x4 
 .text.read_frame24
                0x0000000000000fb0       0x7c player.o
 *fill*         0x000000000000102c        0x4 
 .text.player_apply_hdls
                0x0000000000001030       0x60 player.o
 .text.player_play_file_with
                0x0000000000001090      0x100 player.o
                0x0000000000001090                player_play_file_with
 .text.playThreadFun
                0x0000000000001190       0x38 player.o
 *fill*         0x00000000000011c8        0x8 
 .text.start_play
                0x00000000000011d0       0xfc player.o
                0x00000000000011d0                start_play
 *fill*         0x00000000000012cc        0x4 
 .text.copy_file.constprop.0.isra.0
                0x00000000000012d0       0xd0 recorder.o
 .text.recordThreadFun
                0x00000000000013a0      0x1f0 recorder.o
 .text.recorder_switch
                0x0000000000001590      0x1b8 recorder.o
                0x0000000000001590                recorder_switch
 *fill*         0x0000000000001748        0x8 
 .text.log_write
                0x0000000000001750      0x268 log.o
 *fill*         0x00000000000019b8        0x8 
 .text.log_info_impl
                0x00000000000019c0       0x78 log.o
                0x00000000000019c0                log_info_impl
 *fill*         0x0000000000001a38        0x8 
 .text.log_warning_impl
                0x0000000000001a40       0x78 log.o
                0x0000000000001a40                log_warning_impl
 *fill*         0x0000000000001ab8        0x8 
 .text.log_error_impl
                0x0000000000001ac0       0x78 log.o
                0x0000000000001ac0                log_error_impl
 *fill*         0x0000000000001b38        0x8 
 .text.initLedPattern
                0x0000000000001b40       0x6c notifled.o
                0x0000000000001b40                initLedPattern
 *fill*         0x0000000000001bac        0x4 
 .text.initPad  0x0000000000001bb0      0x128 notifled.o
                0x0000000000001bb0                initPad
 *fill*         0x0000000000001cd8        0x8 
 .text.setLedPattern
                0x0000000000001ce0       0x2c notifled.o
                0x0000000000001ce0                setLedPattern
 *fill*         0x0000000000001d0c        0x4 
 .text.mutexLock
                0x0000000000001d10       0xc8 D:/devkitPro/libnx/lib\libnx.a(mutex.o)
                0x0000000000001d10                mutexLock
 *fill*         0x0000000000001dd8        0x8 
 .text.mutexUnlock
                0x0000000000001de0       0x68 D:/devkitPro/libnx/lib\libnx.a(mutex.o)
                0x0000000000001de0                mutexUnlock
 *fill*         0x0000000000001e48        0x8 
 .text.mutexIsLockedByCurrentThread
                0x0000000000001e50       0x1c D:/devkitPro/libnx/lib\libnx.a(mutex.o)
                0x0000000000001e50                mutexIsLockedByCurrentThread
 *fill*         0x0000000000001e6c        0x4 
 .text.rmutexLock
                0x0000000000001e70       0x58 D:/devkitPro/libnx/lib\libnx.a(mutex.o)
                0x0000000000001e70                rmutexLock
 *fill*         0x0000000000001ec8        0x8 
 .text.rmutexUnlock
                0x0000000000001ed0       0x1c D:/devkitPro/libnx/lib\libnx.a(mutex.o)
                0x0000000000001ed0                rmutexUnlock
 *fill*         0x0000000000001eec        0x4 
 .text.__libnx_init_thread
                0x0000000000001ef0       0xb0 D:/devkitPro/libnx/lib\libnx.a(thread.o)
                0x0000000000001ef0                __libnx_init_thread
 .text.threadCreate
                0x0000000000001fa0      0x34c D:/devkitPro/libnx/lib\libnx.a(thread.o)
                0x0000000000001fa0                threadCreate
 *fill*         0x00000000000022ec        0x4 
 .text.threadExit
                0x00000000000022f0       0xa4 D:/devkitPro/libnx/lib\libnx.a(thread.o)
                0x00000000000022f0                threadExit
 *fill*         0x0000000000002394        0xc 
 .text._EntryWrap
                0x00000000000023a0       0xac D:/devkitPro/libnx/lib\libnx.a(thread.o)
 *fill*         0x000000000000244c        0x4 
 .text.threadStart
                0x0000000000002450        0x8 D:/devkitPro/libnx/lib\libnx.a(thread.o)
                0x0000000000002450                threadStart
 *fill*         0x0000000000002458        0x8 
 .text.threadWaitForExit
                0x0000000000002460       0x2c D:/devkitPro/libnx/lib\libnx.a(thread.o)
                0x0000000000002460                threadWaitForExit
 *fill*         0x000000000000248c        0x4 
 .text.threadClose
                0x0000000000002490       0xa4 D:/devkitPro/libnx/lib\libnx.a(thread.o)
                0x0000000000002490                threadClose
 *fill*         0x0000000000002534        0xc 
 .text._memregionInitWithInfo
                0x0000000000002540       0x64 D:/devkitPro/libnx/lib\libnx.a(virtmem.o)
 *fill*         0x00000000000025a4        0xc 
 .text.__libnx_virtmem_rng
                0x00000000000025b0        0x4 D:/devkitPro/libnx/lib\libnx.a(virtmem.o)
                0x00000000000025b0                __libnx_virtmem_rng
 *fill*         0x00000000000025b4        0xc 
 .text._memregionFindRandom
                0x00000000000025c0      0x164 D:/devkitPro/libnx/lib\libnx.a(virtmem.o)
 *fill*         0x0000000000002724        0xc 
 .text.virtmemSetup
                0x0000000000002730      0x140 D:/devkitPro/libnx/lib\libnx.a(virtmem.o)
                0x0000000000002730                virtmemSetup
 .text.virtmemLock
                0x0000000000002870        0xc D:/devkitPro/libnx/lib\libnx.a(virtmem.o)
                0x0000000000002870                virtmemLock
 *fill*         0x000000000000287c        0x4 
 .text.virtmemUnlock
                0x0000000000002880        0xc D:/devkitPro/libnx/lib\libnx.a(virtmem.o)
                0x0000000000002880                virtmemUnlock
 *fill*         0x000000000000288c        0x4 
 .text.virtmemFindAslr
                0x0000000000002890       0x50 D:/devkitPro/libnx/lib\libnx.a(virtmem.o)
                0x0000000000002890                virtmemFindAslr
 .text.virtmemFindStack
                0x00000000000028e0       0x50 D:/devkitPro/libnx/lib\libnx.a(virtmem.o)
                0x00000000000028e0                virtmemFindStack
 .text.waitHandles
                0x0000000000002930      0x118 D:/devkitPro/libnx/lib\libnx.a(wait.o)
                0x0000000000002930                waitHandles
 *fill*         0x0000000000002a48        0x8 
 .text._fatalCmd
                0x0000000000002a50      0x1c4 D:/devkitPro/libnx/lib\libnx.a(fatal.o)
 *fill*         0x0000000000002c14        0xc 
 .text.fatalThrowWithPolicy
                0x0000000000002c20        0xc D:/devkitPro/libnx/lib\libnx.a(fatal.o)
                0x0000000000002c20                fatalThrowWithPolicy
 *fill*         0x0000000000002c2c        0x4 
 .text.fatalThrow
                0x0000000000002c30       0x14 D:/devkitPro/libnx/lib\libnx.a(fatal.o)
                0x0000000000002c30                fatalThrow
 *fill*         0x0000000000002c44        0xc 
 .text._fsCleanup
                0x0000000000002c50       0xb4 D:/devkitPro/libnx/lib\libnx.a(fs.o)
 *fill*         0x0000000000002d04        0xc 
 .text._fsCmdNoIO
                0x0000000000002d10      0x1c0 D:/devkitPro/libnx/lib\libnx.a(fs.o)
 .text._fsFsCmdWithInPath
                0x0000000000002ed0      0x1e0 D:/devkitPro/libnx/lib\libnx.a(fs.o)
 .text._fsFsCmdWithTwoInPaths
                0x00000000000030b0      0x1f8 D:/devkitPro/libnx/lib\libnx.a(fs.o)
 *fill*         0x00000000000032a8        0x8 
 .text._fsFsOpenCommon
                0x00000000000032b0      0x28c D:/devkitPro/libnx/lib\libnx.a(fs.o)
 *fill*         0x000000000000353c        0x4 
 .text._fsFsCmdWithInPathAndOutU64
                0x0000000000003540      0x1fc D:/devkitPro/libnx/lib\libnx.a(fs.o)
 *fill*         0x000000000000373c        0x4 
 .text._fsObjectClose
                0x0000000000003740       0xf8 D:/devkitPro/libnx/lib\libnx.a(fs.o)
 *fill*         0x0000000000003838        0x8 
 .text._fsCmdGetSession.constprop.0
                0x0000000000003840      0x17c D:/devkitPro/libnx/lib\libnx.a(fs.o)
 *fill*         0x00000000000039bc        0x4 
 .text.fsInitialize
                0x00000000000039c0      0x2f8 D:/devkitPro/libnx/lib\libnx.a(fs.o)
                0x00000000000039c0                fsInitialize
 *fill*         0x0000000000003cb8        0x8 
 .text.fsExit   0x0000000000003cc0       0x48 D:/devkitPro/libnx/lib\libnx.a(fs.o)
                0x0000000000003cc0                fsExit
 *fill*         0x0000000000003d08        0x8 
 .text.fsOpenSdCardFileSystem
                0x0000000000003d10        0x8 D:/devkitPro/libnx/lib\libnx.a(fs.o)
                0x0000000000003d10                fsOpenSdCardFileSystem
 *fill*         0x0000000000003d18        0x8 
 .text.fsFsCreateFile
                0x0000000000003d20      0x1ec D:/devkitPro/libnx/lib\libnx.a(fs.o)
                0x0000000000003d20                fsFsCreateFile
 *fill*         0x0000000000003f0c        0x4 
 .text.fsFsDeleteFile
                0x0000000000003f10        0x8 D:/devkitPro/libnx/lib\libnx.a(fs.o)
                0x0000000000003f10                fsFsDeleteFile
 *fill*         0x0000000000003f18        0x8 
 .text.fsFsCreateDirectory
                0x0000000000003f20        0x8 D:/devkitPro/libnx/lib\libnx.a(fs.o)
                0x0000000000003f20                fsFsCreateDirectory
 *fill*         0x0000000000003f28        0x8 
 .text.fsFsDeleteDirectory
                0x0000000000003f30        0x8 D:/devkitPro/libnx/lib\libnx.a(fs.o)
                0x0000000000003f30                fsFsDeleteDirectory
 *fill*         0x0000000000003f38        0x8 
 .text.fsFsRenameFile
                0x0000000000003f40        0x8 D:/devkitPro/libnx/lib\libnx.a(fs.o)
                0x0000000000003f40                fsFsRenameFile
 *fill*         0x0000000000003f48        0x8 
 .text.fsFsRenameDirectory
                0x0000000000003f50        0x8 D:/devkitPro/libnx/lib\libnx.a(fs.o)
                0x0000000000003f50                fsFsRenameDirectory
 *fill*         0x0000000000003f58        0x8 
 .text.fsFsGetEntryType
                0x0000000000003f60      0x1f0 D:/devkitPro/libnx/lib\libnx.a(fs.o)
                0x0000000000003f60                fsFsGetEntryType
 .text.fsFsOpenFile
                0x0000000000004150        0x8 D:/devkitPro/libnx/lib\libnx.a(fs.o)
                0x0000000000004150                fsFsOpenFile
 *fill*         0x0000000000004158        0x8 
 .text.fsFsOpenDirectory
                0x0000000000004160        0x8 D:/devkitPro/libnx/lib\libnx.a(fs.o)
                0x0000000000004160                fsFsOpenDirectory
 *fill*         0x0000000000004168        0x8 
 .text.fsFsGetFreeSpace
                0x0000000000004170        0x8 D:/devkitPro/libnx/lib\libnx.a(fs.o)
                0x0000000000004170                fsFsGetFreeSpace
 *fill*         0x0000000000004178        0x8 
 .text.fsFsGetTotalSpace
                0x0000000000004180        0x8 D:/devkitPro/libnx/lib\libnx.a(fs.o)
                0x0000000000004180                fsFsGetTotalSpace
 *fill*         0x0000000000004188        0x8 
 .text.fsFsGetFileTimeStampRaw
                0x0000000000004190      0x230 D:/devkitPro/libnx/lib\libnx.a(fs.o)
                0x0000000000004190                fsFsGetFileTimeStampRaw
 .text.fsFsClose
                0x00000000000043c0        0x4 D:/devkitPro/libnx/lib\libnx.a(fs.o)
                0x00000000000043c0                fsFsClose
 *fill*         0x00000000000043c4        0xc 
 .text.fsFileRead
                0x00000000000043d0      0x214 D:/devkitPro/libnx/lib\libnx.a(fs.o)
                0x00000000000043d0                fsFileRead
 *fill*         0x00000000000045e4        0xc 
 .text.fsFileWrite
                0x00000000000045f0      0x1f8 D:/devkitPro/libnx/lib\libnx.a(fs.o)
                0x00000000000045f0                fsFileWrite
 *fill*         0x00000000000047e8        0x8 
 .text.fsFileFlush
                0x00000000000047f0        0x8 D:/devkitPro/libnx/lib\libnx.a(fs.o)
                0x00000000000047f0                fsFileFlush
 *fill*         0x00000000000047f8        0x8 
 .text.fsFileSetSize
                0x0000000000004800      0x1c0 D:/devkitPro/libnx/lib\libnx.a(fs.o)
                0x0000000000004800                fsFileSetSize
 .text.fsFileGetSize
                0x00000000000049c0      0x1d4 D:/devkitPro/libnx/lib\libnx.a(fs.o)
                0x00000000000049c0                fsFileGetSize
 *fill*         0x0000000000004b94        0xc 
 .text.fsFileClose
                0x0000000000004ba0        0x4 D:/devkitPro/libnx/lib\libnx.a(fs.o)
                0x0000000000004ba0                fsFileClose
 *fill*         0x0000000000004ba4        0xc 
 .text.fsDirClose
                0x0000000000004bb0        0x4 D:/devkitPro/libnx/lib\libnx.a(fs.o)
                0x0000000000004bb0                fsDirClose
 *fill*         0x0000000000004bb4        0xc 
 .text.fsDirRead
                0x0000000000004bc0      0x204 D:/devkitPro/libnx/lib\libnx.a(fs.o)
                0x0000000000004bc0                fsDirRead
 *fill*         0x0000000000004dc4        0xc 
 .text._hidCleanup
                0x0000000000004dd0      0x12c D:/devkitPro/libnx/lib\libnx.a(hid.o)
 *fill*         0x0000000000004efc        0x4 
 .text.hidInitialize
                0x0000000000004f00      0x26c D:/devkitPro/libnx/lib\libnx.a(hid.o)
                0x0000000000004f00                hidInitialize
 *fill*         0x000000000000516c        0x4 
 .text.hidExit  0x0000000000005170       0x48 D:/devkitPro/libnx/lib\libnx.a(hid.o)
                0x0000000000005170                hidExit
 *fill*         0x00000000000051b8        0x8 
 .text._hiddbgCmdNoIO
                0x00000000000051c0       0xbc D:/devkitPro/libnx/lib\libnx.a(hiddbg.o)
 *fill*         0x000000000000527c        0x4 
 .text._hiddbgCmdInU64NoOut
                0x0000000000005280       0xc0 D:/devkitPro/libnx/lib\libnx.a(hiddbg.o)
 .text._hiddbgCleanup
                0x0000000000005340       0x78 D:/devkitPro/libnx/lib\libnx.a(hiddbg.o)
 *fill*         0x00000000000053b8        0x8 
 .text._hiddbgCmdInHandle64OutU64.constprop.0
                0x00000000000053c0       0xe0 D:/devkitPro/libnx/lib\libnx.a(hiddbg.o)
 .text._hiddbgCmdInHandle64NoOut.constprop.0
                0x00000000000054a0       0xcc D:/devkitPro/libnx/lib\libnx.a(hiddbg.o)
 *fill*         0x000000000000556c        0x4 
 .text.hiddbgInitialize
                0x0000000000005570       0xa0 D:/devkitPro/libnx/lib\libnx.a(hiddbg.o)
                0x0000000000005570                hiddbgInitialize
 .text.hiddbgExit
                0x0000000000005610       0x48 D:/devkitPro/libnx/lib\libnx.a(hiddbg.o)
                0x0000000000005610                hiddbgExit
 *fill*         0x0000000000005658        0x8 
 .text.hiddbgAttachHdlsWorkBuffer
                0x0000000000005660      0x104 D:/devkitPro/libnx/lib\libnx.a(hiddbg.o)
                0x0000000000005660                hiddbgAttachHdlsWorkBuffer
 *fill*         0x0000000000005764        0xc 
 .text.hiddbgDumpHdlsNpadAssignmentState
                0x0000000000005770       0x9c D:/devkitPro/libnx/lib\libnx.a(hiddbg.o)
                0x0000000000005770                hiddbgDumpHdlsNpadAssignmentState
 *fill*         0x000000000000580c        0x4 
 .text.hiddbgDumpHdlsStates
                0x0000000000005810      0x268 D:/devkitPro/libnx/lib\libnx.a(hiddbg.o)
                0x0000000000005810                hiddbgDumpHdlsStates
 *fill*         0x0000000000005a78        0x8 
 .text.hiddbgApplyHdlsStateList
                0x0000000000005a80      0x278 D:/devkitPro/libnx/lib\libnx.a(hiddbg.o)
                0x0000000000005a80                hiddbgApplyHdlsStateList
 *fill*         0x0000000000005cf8        0x8 
 .text._hidsysCleanup
                0x0000000000005d00       0x78 D:/devkitPro/libnx/lib\libnx.a(hidsys.o)
 *fill*         0x0000000000005d78        0x8 
 .text.hidsysInitialize
                0x0000000000005d80       0xb0 D:/devkitPro/libnx/lib\libnx.a(hidsys.o)
                0x0000000000005d80                hidsysInitialize
 .text.hidsysExit
                0x0000000000005e30       0x48 D:/devkitPro/libnx/lib\libnx.a(hidsys.o)
                0x0000000000005e30                hidsysExit
 *fill*         0x0000000000005e78        0x8 
 .text.hidsysGetUniquePadsFromNpad
                0x0000000000005e80      0x128 D:/devkitPro/libnx/lib\libnx.a(hidsys.o)
                0x0000000000005e80                hidsysGetUniquePadsFromNpad
 *fill*         0x0000000000005fa8        0x8 
 .text.hidsysSetNotificationLedPattern
                0x0000000000005fb0      0x10c D:/devkitPro/libnx/lib\libnx.a(hidsys.o)
                0x0000000000005fb0                hidsysSetNotificationLedPattern
 *fill*         0x00000000000060bc        0x4 
 .text._notifCleanup
                0x00000000000060c0       0xa8 D:/devkitPro/libnx/lib\libnx.a(notif.o)
 *fill*         0x0000000000006168        0x8 
 .text.notifInitialize
                0x0000000000006170      0x340 D:/devkitPro/libnx/lib\libnx.a(notif.o)
                0x0000000000006170                notifInitialize
 .text.notifExit
                0x00000000000064b0       0x48 D:/devkitPro/libnx/lib\libnx.a(notif.o)
                0x00000000000064b0                notifExit
 *fill*         0x00000000000064f8        0x8 
 .text._setsysGetFirmwareVersionImpl
                0x0000000000006500       0xd0 D:/devkitPro/libnx/lib\libnx.a(set.o)
 .text._setsysCleanup
                0x00000000000065d0       0x78 D:/devkitPro/libnx/lib\libnx.a(set.o)
 *fill*         0x0000000000006648        0x8 
 .text.setsysInitialize
                0x0000000000006650       0xa0 D:/devkitPro/libnx/lib\libnx.a(set.o)
                0x0000000000006650                setsysInitialize
 .text.setsysExit
                0x00000000000066f0       0x48 D:/devkitPro/libnx/lib\libnx.a(set.o)
                0x00000000000066f0                setsysExit
 *fill*         0x0000000000006738        0x8 
 .text.setsysGetFirmwareVersion
                0x0000000000006740       0x48 D:/devkitPro/libnx/lib\libnx.a(set.o)
                0x0000000000006740                setsysGetFirmwareVersion
 *fill*         0x0000000000006788        0x8 
 .text._smCmifCmdInPid
                0x0000000000006790       0xcc D:/devkitPro/libnx/lib\libnx.a(sm.o)
 *fill*         0x000000000000685c        0x4 
 .text._smCleanup
                0x0000000000006860       0x78 D:/devkitPro/libnx/lib\libnx.a(sm.o)
 *fill*         0x00000000000068d8        0x8 
 .text.smAddOverrideHandle
                0x00000000000068e0       0x48 D:/devkitPro/libnx/lib\libnx.a(sm.o)
                0x00000000000068e0                smAddOverrideHandle
 *fill*         0x0000000000006928        0x8 
 .text.smGetServiceOverride
                0x0000000000006930       0x54 D:/devkitPro/libnx/lib\libnx.a(sm.o)
                0x0000000000006930                smGetServiceOverride
 *fill*         0x0000000000006984        0xc 
 .text.smInitialize
                0x0000000000006990      0x1ac D:/devkitPro/libnx/lib\libnx.a(sm.o)
                0x0000000000006990                smInitialize
 *fill*         0x0000000000006b3c        0x4 
 .text.smExit   0x0000000000006b40       0x48 D:/devkitPro/libnx/lib\libnx.a(sm.o)
                0x0000000000006b40                smExit
 *fill*         0x0000000000006b88        0x8 
 .text.smGetServiceOriginal
                0x0000000000006b90       0xd0 D:/devkitPro/libnx/lib\libnx.a(sm.o)
                0x0000000000006b90                smGetServiceOriginal
 .text.smGetServiceWrapper
                0x0000000000006c60      0x120 D:/devkitPro/libnx/lib\libnx.a(sm.o)
                0x0000000000006c60                smGetServiceWrapper
 .text._timeCleanup
                0x0000000000006d80      0x27c D:/devkitPro/libnx/lib\libnx.a(time.o)
 *fill*         0x0000000000006ffc        0x4 
 .text._timeCmdGetSession.constprop.0
                0x0000000000007000      0x100 D:/devkitPro/libnx/lib\libnx.a(time.o)
 .text._timeReadClockFromSharedMem
                0x0000000000007100      0x104 D:/devkitPro/libnx/lib\libnx.a(time.o)
 *fill*         0x0000000000007204        0xc 
 .text.timeInitialize
                0x0000000000007210      0x300 D:/devkitPro/libnx/lib\libnx.a(time.o)
                0x0000000000007210                timeInitialize
 .text.timeExit
                0x0000000000007510       0x48 D:/devkitPro/libnx/lib\libnx.a(time.o)
                0x0000000000007510                timeExit
 *fill*         0x0000000000007558        0x8 
 .text.timeGetServiceSession_SystemClock
                0x0000000000007560       0x38 D:/devkitPro/libnx/lib\libnx.a(time.o)
                0x0000000000007560                timeGetServiceSession_SystemClock
 *fill*         0x0000000000007598        0x8 
 .text.timeGetCurrentTime
                0x00000000000075a0       0xfc D:/devkitPro/libnx/lib\libnx.a(time.o)
                0x00000000000075a0                timeGetCurrentTime
 *fill*         0x000000000000769c        0x4 
 .text.timeToPosixTimeWithMyRule
                0x00000000000076a0      0x114 D:/devkitPro/libnx/lib\libnx.a(time.o)
                0x00000000000076a0                timeToPosixTimeWithMyRule
 *fill*         0x00000000000077b4        0xc 
 .text.__libnx_alloc
                0x00000000000077c0        0x4 D:/devkitPro/libnx/lib\libnx.a(alloc.o)
                0x00000000000077c0                __libnx_alloc
 *fill*         0x00000000000077c4        0xc 
 .text.__libnx_aligned_alloc
                0x00000000000077d0       0x14 D:/devkitPro/libnx/lib\libnx.a(alloc.o)
                0x00000000000077d0                __libnx_aligned_alloc
 *fill*         0x00000000000077e4        0xc 
 .text.__libnx_free
                0x00000000000077f0        0x4 D:/devkitPro/libnx/lib\libnx.a(alloc.o)
                0x00000000000077f0                __libnx_free
 *fill*         0x00000000000077f4        0xc 
 .text.diagAbortWithResult
                0x0000000000007800       0x1c D:/devkitPro/libnx/lib\libnx.a(diag.o)
                0x0000000000007800                diagAbortWithResult
 *fill*         0x000000000000781c        0x4 
 .text.envSetup
                0x0000000000007820      0x208 D:/devkitPro/libnx/lib\libnx.a(env.o)
                0x0000000000007820                envSetup
 *fill*         0x0000000000007a28        0x8 
 .text.envGetMainThreadHandle
                0x0000000000007a30       0x20 D:/devkitPro/libnx/lib\libnx.a(env.o)
                0x0000000000007a30                envGetMainThreadHandle
 .text.envIsNso
                0x0000000000007a50        0xc D:/devkitPro/libnx/lib\libnx.a(env.o)
                0x0000000000007a50                envIsNso
 *fill*         0x0000000000007a5c        0x4 
 .text.envHasArgv
                0x0000000000007a60       0x14 D:/devkitPro/libnx/lib\libnx.a(env.o)
                0x0000000000007a60                envHasArgv
 *fill*         0x0000000000007a74        0xc 
 .text.envGetArgv
                0x0000000000007a80        0xc D:/devkitPro/libnx/lib\libnx.a(env.o)
                0x0000000000007a80                envGetArgv
 *fill*         0x0000000000007a8c        0x4 
 .text.envGetExitFuncPtr
                0x0000000000007a90        0xc D:/devkitPro/libnx/lib\libnx.a(env.o)
                0x0000000000007a90                envGetExitFuncPtr
 *fill*         0x0000000000007a9c        0x4 
 .text.envHasRandomSeed
                0x0000000000007aa0        0xc D:/devkitPro/libnx/lib\libnx.a(env.o)
                0x0000000000007aa0                envHasRandomSeed
 *fill*         0x0000000000007aac        0x4 
 .text.envGetRandomSeed
                0x0000000000007ab0       0x10 D:/devkitPro/libnx/lib\libnx.a(env.o)
                0x0000000000007ab0                envGetRandomSeed
 .text.hosversionGet
                0x0000000000007ac0       0x14 D:/devkitPro/libnx/lib\libnx.a(hosversion.o)
                0x0000000000007ac0                hosversionGet
 *fill*         0x0000000000007ad4        0xc 
 .text.hosversionSet
                0x0000000000007ae0       0x10 D:/devkitPro/libnx/lib\libnx.a(hosversion.o)
                0x0000000000007ae0                hosversionSet
 .text.fsdev_link
                0x0000000000007af0       0x10 D:/devkitPro/libnx/lib\libnx.a(fs_dev.o)
 .text.fsdev_dirreset
                0x0000000000007b00       0x10 D:/devkitPro/libnx/lib\libnx.a(fs_dev.o)
 .text.fsdev_chmod
                0x0000000000007b10       0x10 D:/devkitPro/libnx/lib\libnx.a(fs_dev.o)
 .text.error_cmp
                0x0000000000007b20       0x18 D:/devkitPro/libnx/lib\libnx.a(fs_dev.o)
 *fill*         0x0000000000007b38        0x8 
 .text.fsdev_dirclose
                0x0000000000007b40       0x20 D:/devkitPro/libnx/lib\libnx.a(fs_dev.o)
 .text.fsdev_close
                0x0000000000007b60       0x1c D:/devkitPro/libnx/lib\libnx.a(fs_dev.o)
 *fill*         0x0000000000007b7c        0x4 
 .text.fsdev_converttimetoutc
                0x0000000000007b80       0x74 D:/devkitPro/libnx/lib\libnx.a(fs_dev.o)
 *fill*         0x0000000000007bf4        0xc 
 .text.fsdevFindDevice.part.0
                0x0000000000007c00       0xd4 D:/devkitPro/libnx/lib\libnx.a(fs_dev.o)
 *fill*         0x0000000000007cd4        0xc 
 .text.fsdev_fixpath
                0x0000000000007ce0      0x1cc D:/devkitPro/libnx/lib\libnx.a(fs_dev.o)
 *fill*         0x0000000000007eac        0x4 
 .text._fsdevUnmountDeviceStruct.part.0
                0x0000000000007eb0       0x9c D:/devkitPro/libnx/lib\libnx.a(fs_dev.o)
 *fill*         0x0000000000007f4c        0x4 
 .text.fsdev_fchmod
                0x0000000000007f50       0x10 D:/devkitPro/libnx/lib\libnx.a(fs_dev.o)
 .text.fsdev_diropen
                0x0000000000007f60      0x100 D:/devkitPro/libnx/lib\libnx.a(fs_dev.o)
 .text.fsdev_statvfs
                0x0000000000008060       0xf8 D:/devkitPro/libnx/lib\libnx.a(fs_dev.o)
 *fill*         0x0000000000008158        0x8 
 .text.fsdev_fsync
                0x0000000000008160       0x7c D:/devkitPro/libnx/lib\libnx.a(fs_dev.o)
 *fill*         0x00000000000081dc        0x4 
 .text.fsdev_fstat
                0x00000000000081e0       0xec D:/devkitPro/libnx/lib\libnx.a(fs_dev.o)
 *fill*         0x00000000000082cc        0x4 
 .text.fsdev_ftruncate
                0x00000000000082d0       0x94 D:/devkitPro/libnx/lib\libnx.a(fs_dev.o)
 *fill*         0x0000000000008364        0xc 
 .text.fsdev_stat
                0x0000000000008370      0x1d8 D:/devkitPro/libnx/lib\libnx.a(fs_dev.o)
 *fill*         0x0000000000008548        0x8 
 .text.fsdev_rename
                0x0000000000008550      0x14c D:/devkitPro/libnx/lib\libnx.a(fs_dev.o)
 *fill*         0x000000000000869c        0x4 
 .text.fsdev_chdir
                0x00000000000086a0      0x13c D:/devkitPro/libnx/lib\libnx.a(fs_dev.o)
 *fill*         0x00000000000087dc        0x4 
 .text.fsdev_rmdir
                0x00000000000087e0       0xa4 D:/devkitPro/libnx/lib\libnx.a(fs_dev.o)
 *fill*         0x0000000000008884        0xc 
 .text.fsdev_mkdir
                0x0000000000008890       0xa4 D:/devkitPro/libnx/lib\libnx.a(fs_dev.o)
 *fill*         0x0000000000008934        0xc 
 .text.fsdev_unlink
                0x0000000000008940       0xa4 D:/devkitPro/libnx/lib\libnx.a(fs_dev.o)
 *fill*         0x00000000000089e4        0xc 
 .text.fsdev_write_safe
                0x00000000000089f0      0x13c D:/devkitPro/libnx/lib\libnx.a(fs_dev.o)
 *fill*         0x0000000000008b2c        0x4 
 .text.fsdev_read_safe
                0x0000000000008b30      0x134 D:/devkitPro/libnx/lib\libnx.a(fs_dev.o)
 *fill*         0x0000000000008c64        0xc 
 .text.fsdev_read
                0x0000000000008c70      0x100 D:/devkitPro/libnx/lib\libnx.a(fs_dev.o)
 .text.fsdev_dirnext
                0x0000000000008d70      0x1d4 D:/devkitPro/libnx/lib\libnx.a(fs_dev.o)
 *fill*         0x0000000000008f44        0xc 
 .text.fsdev_write
                0x0000000000008f50      0x124 D:/devkitPro/libnx/lib\libnx.a(fs_dev.o)
 *fill*         0x0000000000009074        0xc 
 .text.fsdev_seek
                0x0000000000009080      0x110 D:/devkitPro/libnx/lib\libnx.a(fs_dev.o)
 .text.fsdev_open
                0x0000000000009190      0x230 D:/devkitPro/libnx/lib\libnx.a(fs_dev.o)
 .text.fsdevMountDevice
                0x00000000000093c0      0x324 D:/devkitPro/libnx/lib\libnx.a(fs_dev.o)
                0x00000000000093c0                fsdevMountDevice
 *fill*         0x00000000000096e4        0xc 
 .text.fsdevMountSdmc
                0x00000000000096f0       0x40 D:/devkitPro/libnx/lib\libnx.a(fs_dev.o)
                0x00000000000096f0                fsdevMountSdmc
 .text.fsdevUnmountAll
                0x0000000000009730       0x64 D:/devkitPro/libnx/lib\libnx.a(fs_dev.o)
                0x0000000000009730                fsdevUnmountAll
 *fill*         0x0000000000009794        0xc 
 .text._socketGetFd
                0x00000000000097a0       0x7c D:/devkitPro/libnx/lib\libnx.a(socket.o)
 *fill*         0x000000000000981c        0x4 
 .text._socketParseBsdResult.part.0
                0x0000000000009820       0xa4 D:/devkitPro/libnx/lib\libnx.a(socket.o)
 *fill*         0x00000000000098c4        0xc 
 .text._socketRead
                0x00000000000098d0       0x50 D:/devkitPro/libnx/lib\libnx.a(socket.o)
 .text._socketWrite
                0x0000000000009920       0x50 D:/devkitPro/libnx/lib\libnx.a(socket.o)
 .text._socketClose
                0x0000000000009970       0x44 D:/devkitPro/libnx/lib\libnx.a(socket.o)
 *fill*         0x00000000000099b4        0xc 
 .text._socketOpen
                0x00000000000099c0       0x8c D:/devkitPro/libnx/lib\libnx.a(socket.o)
 *fill*         0x0000000000009a4c        0x4 
 .text.socketExit
                0x0000000000009a50       0x1c D:/devkitPro/libnx/lib\libnx.a(socket.o)
                0x0000000000009a50                socketExit
 *fill*         0x0000000000009a6c        0x4 
 .text.socketInitialize
                0x0000000000009a70      0x1b4 D:/devkitPro/libnx/lib\libnx.a(socket.o)
                0x0000000000009a70                socketInitialize
 *fill*         0x0000000000009c24        0xc 
 .text.socket   0x0000000000009c30       0x98 D:/devkitPro/libnx/lib\libnx.a(socket.o)
                0x0000000000009c30                socket
 *fill*         0x0000000000009cc8        0x8 
 .text.sendto   0x0000000000009cd0       0x6c D:/devkitPro/libnx/lib\libnx.a(socket.o)
                0x0000000000009cd0                sendto
 *fill*         0x0000000000009d3c        0x4 
 .text._inetAtonDetail
                0x0000000000009d40      0x1b4 D:/devkitPro/libnx/lib\libnx.a(inet_addr.o)
 *fill*         0x0000000000009ef4        0xc 
 .text.inet_aton
                0x0000000000009f00       0x24 D:/devkitPro/libnx/lib\libnx.a(inet_addr.o)
                0x0000000000009f00                inet_aton
 *fill*         0x0000000000009f24        0xc 
 .text.inet_addr
                0x0000000000009f30       0x24 D:/devkitPro/libnx/lib\libnx.a(inet_addr.o)
                0x0000000000009f30                inet_addr
 *fill*         0x0000000000009f54        0xc 
 .text.decode_utf8
                0x0000000000009f60      0x128 D:/devkitPro/libnx/lib\libnx.a(decode_utf8.o)
                0x0000000000009f60                decode_utf8
 .text.svcSetMemoryPermission
                0x000000000000a088        0x8 D:/devkitPro/libnx/lib\libnx.a(svc.o)
                0x000000000000a088                svcSetMemoryPermission
 .text.svcSetMemoryAttribute
                0x000000000000a090        0x8 D:/devkitPro/libnx/lib\libnx.a(svc.o)
                0x000000000000a090                svcSetMemoryAttribute
 .text.svcMapMemory
                0x000000000000a098        0x8 D:/devkitPro/libnx/lib\libnx.a(svc.o)
                0x000000000000a098                svcMapMemory
 .text.svcUnmapMemory
                0x000000000000a0a0        0x8 D:/devkitPro/libnx/lib\libnx.a(svc.o)
                0x000000000000a0a0                svcUnmapMemory
 .text.svcQueryMemory
                0x000000000000a0a8       0x14 D:/devkitPro/libnx/lib\libnx.a(svc.o)
                0x000000000000a0a8                svcQueryMemory
 .text.svcExitProcess
                0x000000000000a0bc        0x8 D:/devkitPro/libnx/lib\libnx.a(svc.o)
                0x000000000000a0bc                svcExitProcess
 .text.svcCreateThread
                0x000000000000a0c4       0x14 D:/devkitPro/libnx/lib\libnx.a(svc.o)
                0x000000000000a0c4                svcCreateThread
 .text.svcStartThread
                0x000000000000a0d8        0x8 D:/devkitPro/libnx/lib\libnx.a(svc.o)
                0x000000000000a0d8                svcStartThread
 .text.svcExitThread
                0x000000000000a0e0        0x8 D:/devkitPro/libnx/lib\libnx.a(svc.o)
                0x000000000000a0e0                svcExitThread
 .text.svcSleepThread
                0x000000000000a0e8        0x8 D:/devkitPro/libnx/lib\libnx.a(svc.o)
                0x000000000000a0e8                svcSleepThread
 .text.svcMapSharedMemory
                0x000000000000a0f0        0x8 D:/devkitPro/libnx/lib\libnx.a(svc.o)
                0x000000000000a0f0                svcMapSharedMemory
 .text.svcUnmapSharedMemory
                0x000000000000a0f8        0x8 D:/devkitPro/libnx/lib\libnx.a(svc.o)
                0x000000000000a0f8                svcUnmapSharedMemory
 .text.svcCreateTransferMemory
                0x000000000000a100       0x14 D:/devkitPro/libnx/lib\libnx.a(svc.o)
                0x000000000000a100                svcCreateTransferMemory
 .text.svcCloseHandle
                0x000000000000a114        0x8 D:/devkitPro/libnx/lib\libnx.a(svc.o)
                0x000000000000a114                svcCloseHandle
 .text.svcWaitSynchronization
                0x000000000000a11c       0x14 D:/devkitPro/libnx/lib\libnx.a(svc.o)
                0x000000000000a11c                svcWaitSynchronization
 .text.svcArbitrateLock
                0x000000000000a130        0x8 D:/devkitPro/libnx/lib\libnx.a(svc.o)
                0x000000000000a130                svcArbitrateLock
 .text.svcArbitrateUnlock
                0x000000000000a138        0x8 D:/devkitPro/libnx/lib\libnx.a(svc.o)
                0x000000000000a138                svcArbitrateUnlock
 .text.svcWaitProcessWideKeyAtomic
                0x000000000000a140        0x8 D:/devkitPro/libnx/lib\libnx.a(svc.o)
                0x000000000000a140                svcWaitProcessWideKeyAtomic
 .text.svcSignalProcessWideKey
                0x000000000000a148        0x8 D:/devkitPro/libnx/lib\libnx.a(svc.o)
                0x000000000000a148                svcSignalProcessWideKey
 .text.svcConnectToNamedPort
                0x000000000000a150       0x14 D:/devkitPro/libnx/lib\libnx.a(svc.o)
                0x000000000000a150                svcConnectToNamedPort
 .text.svcSendSyncRequest
                0x000000000000a164        0x8 D:/devkitPro/libnx/lib\libnx.a(svc.o)
                0x000000000000a164                svcSendSyncRequest
 .text.svcBreak
                0x000000000000a16c        0x8 D:/devkitPro/libnx/lib\libnx.a(svc.o)
                0x000000000000a16c                svcBreak
 .text.svcReturnFromException
                0x000000000000a174        0x8 D:/devkitPro/libnx/lib\libnx.a(svc.o)
                0x000000000000a174                svcReturnFromException
 .text.svcGetInfo
                0x000000000000a17c       0x14 D:/devkitPro/libnx/lib\libnx.a(svc.o)
                0x000000000000a17c                svcGetInfo
 .text.svcUnmapTransferMemory
                0x000000000000a190        0x8 D:/devkitPro/libnx/lib\libnx.a(svc.o)
                0x000000000000a190                svcUnmapTransferMemory
 .text.__aarch64_read_tp
                0x000000000000a198        0xc D:/devkitPro/libnx/lib\libnx.a(readtp.o)
                0x000000000000a198                __aarch64_read_tp
 *fill*         0x000000000000a1a4        0xc 
 .text.randomGet
                0x000000000000a1b0      0x410 D:/devkitPro/libnx/lib\libnx.a(random.o)
                0x000000000000a1b0                randomGet
 .text.randomGet64
                0x000000000000a5c0       0x20 D:/devkitPro/libnx/lib\libnx.a(random.o)
                0x000000000000a5c0                randomGet64
 .text.shmemLoadRemote
                0x000000000000a5e0       0x14 D:/devkitPro/libnx/lib\libnx.a(shmem.o)
                0x000000000000a5e0                shmemLoadRemote
 *fill*         0x000000000000a5f4        0xc 
 .text.shmemMap
                0x000000000000a600       0x70 D:/devkitPro/libnx/lib\libnx.a(shmem.o)
                0x000000000000a600                shmemMap
 .text.shmemUnmap
                0x000000000000a670       0x34 D:/devkitPro/libnx/lib\libnx.a(shmem.o)
                0x000000000000a670                shmemUnmap
 *fill*         0x000000000000a6a4        0xc 
 .text.shmemClose
                0x000000000000a6b0       0x4c D:/devkitPro/libnx/lib\libnx.a(shmem.o)
                0x000000000000a6b0                shmemClose
 *fill*         0x000000000000a6fc        0x4 
 .text.tmemCreate
                0x000000000000a700       0xa8 D:/devkitPro/libnx/lib\libnx.a(tmem.o)
                0x000000000000a700                tmemCreate
 *fill*         0x000000000000a7a8        0x8 
 .text.tmemCreateFromMemory
                0x000000000000a7b0       0x2c D:/devkitPro/libnx/lib\libnx.a(tmem.o)
                0x000000000000a7b0                tmemCreateFromMemory
 *fill*         0x000000000000a7dc        0x4 
 .text.tmemUnmap
                0x000000000000a7e0       0x34 D:/devkitPro/libnx/lib\libnx.a(tmem.o)
                0x000000000000a7e0                tmemUnmap
 *fill*         0x000000000000a814        0xc 
 .text.tmemCloseHandle
                0x000000000000a820       0x30 D:/devkitPro/libnx/lib\libnx.a(tmem.o)
                0x000000000000a820                tmemCloseHandle
 .text.tmemClose
                0x000000000000a850       0x50 D:/devkitPro/libnx/lib\libnx.a(tmem.o)
                0x000000000000a850                tmemClose
 .text.sessionmgrCreate
                0x000000000000a8a0      0x184 D:/devkitPro/libnx/lib\libnx.a(sessionmgr.o)
                0x000000000000a8a0                sessionmgrCreate
 *fill*         0x000000000000aa24        0xc 
 .text.sessionmgrClose
                0x000000000000aa30       0x84 D:/devkitPro/libnx/lib\libnx.a(sessionmgr.o)
                0x000000000000aa30                sessionmgrClose
 *fill*         0x000000000000aab4        0xc 
 .text.sessionmgrAttachClient
                0x000000000000aac0       0xa8 D:/devkitPro/libnx/lib\libnx.a(sessionmgr.o)
                0x000000000000aac0                sessionmgrAttachClient
 *fill*         0x000000000000ab68        0x8 
 .text.sessionmgrDetachClient
                0x000000000000ab70       0x60 D:/devkitPro/libnx/lib\libnx.a(sessionmgr.o)
                0x000000000000ab70                sessionmgrDetachClient
 .text.appletGetAppletResourceUserId
                0x000000000000abd0        0xc D:/devkitPro/libnx/lib\libnx.a(applet.o)
                0x000000000000abd0                appletGetAppletResourceUserId
 *fill*         0x000000000000abdc        0x4 
 .text._bsdCleanup
                0x000000000000abe0       0xf4 D:/devkitPro/libnx/lib\libnx.a(bsd.o)
 *fill*         0x000000000000acd4        0xc 
 .text._bsdCmdInDomainTypeProtocol
                0x000000000000ace0      0x144 D:/devkitPro/libnx/lib\libnx.a(bsd.o)
 *fill*         0x000000000000ae24        0xc 
 .text._bsdRegisterClient.constprop.0
                0x000000000000ae30      0x124 D:/devkitPro/libnx/lib\libnx.a(bsd.o)
 *fill*         0x000000000000af54        0xc 
 .text.bsdInitialize
                0x000000000000af60      0x358 D:/devkitPro/libnx/lib\libnx.a(bsd.o)
                0x000000000000af60                bsdInitialize
 *fill*         0x000000000000b2b8        0x8 
 .text.bsdExit  0x000000000000b2c0       0x48 D:/devkitPro/libnx/lib\libnx.a(bsd.o)
                0x000000000000b2c0                bsdExit
 *fill*         0x000000000000b308        0x8 
 .text.bsdSocket
                0x000000000000b310        0x8 D:/devkitPro/libnx/lib\libnx.a(bsd.o)
                0x000000000000b310                bsdSocket
 *fill*         0x000000000000b318        0x8 
 .text.bsdOpen  0x000000000000b320      0x1c8 D:/devkitPro/libnx/lib\libnx.a(bsd.o)
                0x000000000000b320                bsdOpen
 *fill*         0x000000000000b4e8        0x8 
 .text.bsdSendTo
                0x000000000000b4f0      0x25c D:/devkitPro/libnx/lib\libnx.a(bsd.o)
                0x000000000000b4f0                bsdSendTo
 *fill*         0x000000000000b74c        0x4 
 .text.bsdWrite
                0x000000000000b750      0x1bc D:/devkitPro/libnx/lib\libnx.a(bsd.o)
                0x000000000000b750                bsdWrite
 *fill*         0x000000000000b90c        0x4 
 .text.bsdRead  0x000000000000b910      0x1b0 D:/devkitPro/libnx/lib\libnx.a(bsd.o)
                0x000000000000b910                bsdRead
 .text.bsdClose
                0x000000000000bac0      0x134 D:/devkitPro/libnx/lib\libnx.a(bsd.o)
                0x000000000000bac0                bsdClose
 *fill*         0x000000000000bbf4        0xc 
 .text.argvSetup
                0x000000000000bc00      0x314 D:/devkitPro/libnx/lib\libnx.a(argv.o)
                0x000000000000bc00                argvSetup
 *fill*         0x000000000000bf14        0xc 
 .text.__nx_dynamic
                0x000000000000bf20      0x1fc D:/devkitPro/libnx/lib\libnx.a(dynamic.o)
                0x000000000000bf20                __nx_dynamic
 *fill*         0x000000000000c11c        0x4 
 .text.__libnx_init
                0x000000000000c120       0x2c D:/devkitPro/libnx/lib\libnx.a(init.o)
                0x000000000000c120                __libnx_init
 *fill*         0x000000000000c14c        0x4 
 .text.__libnx_exit
                0x000000000000c150       0x1c D:/devkitPro/libnx/lib\libnx.a(init.o)
                0x000000000000c150                __libnx_exit
 *fill*         0x000000000000c16c        0x4 
 .text.__syscall_exit
                0x000000000000c170       0x1c D:/devkitPro/libnx/lib\libnx.a(newlib.o)
                0x000000000000c170                __syscall_exit
 *fill*         0x000000000000c18c        0x4 
 .text.__syscall_getreent
                0x000000000000c190       0x34 D:/devkitPro/libnx/lib\libnx.a(newlib.o)
                0x000000000000c190                __syscall_getreent
 *fill*         0x000000000000c1c4        0xc 
 .text.__syscall_lock_acquire
                0x000000000000c1d0        0x4 D:/devkitPro/libnx/lib\libnx.a(newlib.o)
                0x000000000000c1d0                __syscall_lock_acquire
 *fill*         0x000000000000c1d4        0xc 
 .text.__syscall_lock_release
                0x000000000000c1e0        0x4 D:/devkitPro/libnx/lib\libnx.a(newlib.o)
                0x000000000000c1e0                __syscall_lock_release
 *fill*         0x000000000000c1e4        0xc 
 .text.__syscall_lock_acquire_recursive
                0x000000000000c1f0        0x4 D:/devkitPro/libnx/lib\libnx.a(newlib.o)
                0x000000000000c1f0                __syscall_lock_acquire_recursive
 *fill*         0x000000000000c1f4        0xc 
 .text.__syscall_lock_release_recursive
                0x000000000000c200        0x4 D:/devkitPro/libnx/lib\libnx.a(newlib.o)
                0x000000000000c200                __syscall_lock_release_recursive
 *fill*         0x000000000000c204        0xc 
 .text.newlibSetup
                0x000000000000c210       0x98 D:/devkitPro/libnx/lib\libnx.a(newlib.o)
                0x000000000000c210                newlibSetup
 *fill*         0x000000000000c2a8        0x8 
 .text.nxlinkSetup
                0x000000000000c2b0       0xe8 D:/devkitPro/libnx/lib\libnx.a(nxlink.o)
                0x000000000000c2b0                nxlinkSetup
 *fill*         0x000000000000c398        0x8 
 .text._convert_errno
                0x000000000000c3a0       0x30 D:/devkitPro/libnx/lib\libnx.a(convert_errno.o)
                0x000000000000c3a0                _convert_errno
 .text.__libnx_exception_entry
                0x000000000000c3d0      0x1c0 D:/devkitPro/libnx/lib\libnx.a(exception.o)
                0x000000000000c3d0                __libnx_exception_entry
 .text.__libnx_exception_returnentry
                0x000000000000c590       0x18 D:/devkitPro/libnx/lib\libnx.a(exception.o)
                0x000000000000c590                __libnx_exception_returnentry
 *fill*         0x000000000000c5a8        0x8 
 .text.condvarWaitTimeout
                0x000000000000c5b0       0x70 D:/devkitPro/libnx/lib\libnx.a(condvar.o)
                0x000000000000c5b0                condvarWaitTimeout
 .text._fclose_r
                0x000000000000c620      0x130 D:/devkitPro/devkitA64/bin/../lib/gcc/aarch64-none-elf/15.1.0/../../../../aarch64-none-elf/lib/pic\libg.a(libc_a-fclose.o)
                0x000000000000c620                _fclose_r
 *fill*         0x000000000000c750       0x10 
 .text.fclose   0x000000000000c760       0x1c D:/devkitPro/devkitA64/bin/../lib/gcc/aarch64-none-elf/15.1.0/../../../../aarch64-none-elf/lib/pic\libg.a(libc_a-fclose.o)
                0x000000000000c760                fclose
 *fill*         0x000000000000c77c        0x4 
 .text          0x000000000000c780      0x104 D:/devkitPro/devkitA64/bin/../lib/gcc/aarch64-none-elf/15.1.0/../../../../aarch64-none-elf/lib/pic\libg.a(libc_a-memset.o)
                0x000000000000c780                memset
 *fill*         0x000000000000c884       0x3c 
 .text          0x000000000000c8c0      0x134 D:/devkitPro/devkitA64/bin/../lib/gcc/aarch64-none-elf/15.1.0/../../../../aarch64-none-elf/lib/pic\libg.a(libc_a-strcmp.o)
                0x000000000000c8c0                strcmp
 *fill*         0x000000000000c9f4        0xc 
 .text._fwrite_r
                0x000000000000ca00       0xf4 D:/devkitPro/devkitA64/bin/../lib/gcc/aarch64-none-elf/15.1.0/../../../../aarch64-none-elf/lib/pic\libg.a(libc_a-fwrite.o)
                0x000000000000ca00                _fwrite_r
 *fill*         0x000000000000caf4        0xc 
 .text.fwrite   0x000000000000cb00       0x34 D:/devkitPro/devkitA64/bin/../lib/gcc/aarch64-none-elf/15.1.0/../../../../aarch64-none-elf/lib/pic\libg.a(libc_a-fwrite.o)
                0x000000000000cb00                fwrite
 *fill*         0x000000000000cb34        0xc 
 .text          0x000000000000cb40      0x1b4 D:/devkitPro/devkitA64/bin/../lib/gcc/aarch64-none-elf/15.1.0/../../../../aarch64-none-elf/lib/pic\libg.a(libc_a-strncmp.o)
                0x000000000000cb40                strncmp
 *fill*         0x000000000000ccf4        0xc 
 .text.stdio_exit_handler
                0x000000000000cd00       0x1c D:/devkitPro/devkitA64/bin/../lib/gcc/aarch64-none-elf/15.1.0/../../../../aarch64-none-elf/lib/pic\libg.a(libc_a-findfp.o)
 *fill*         0x000000000000cd1c        0x4 
 .text.cleanup_stdio
                0x000000000000cd20       0x6c D:/devkitPro/devkitA64/bin/../lib/gcc/aarch64-none-elf/15.1.0/../../../../aarch64-none-elf/lib/pic\libg.a(libc_a-findfp.o)
 *fill*         0x000000000000cd8c       0x14 
 .text.global_stdio_init.part.0
                0x000000000000cda0      0x134 D:/devkitPro/devkitA64/bin/../lib/gcc/aarch64-none-elf/15.1.0/../../../../aarch64-none-elf/lib/pic\libg.a(libc_a-findfp.o)
 *fill*         0x000000000000ced4        0xc 
 .text.__sfp_lock_acquire
                0x000000000000cee0        0xc D:/devkitPro/devkitA64/bin/../lib/gcc/aarch64-none-elf/15.1.0/../../../../aarch64-none-elf/lib/pic\libg.a(libc_a-findfp.o)
                0x000000000000cee0                __sfp_lock_acquire
 *fill*         0x000000000000ceec       0x14 
 .text.__sfp_lock_release
                0x000000000000cf00        0xc D:/devkitPro/devkitA64/bin/../lib/gcc/aarch64-none-elf/15.1.0/../../../../aarch64-none-elf/lib/pic\libg.a(libc_a-findfp.o)
                0x000000000000cf00                __sfp_lock_release
 *fill*         0x000000000000cf0c       0x14 
 .text.__sfp    0x000000000000cf20      0x138 D:/devkitPro/devkitA64/bin/../lib/gcc/aarch64-none-elf/15.1.0/../../../../aarch64-none-elf/lib/pic\libg.a(libc_a-findfp.o)
                0x000000000000cf20                __sfp
 *fill*         0x000000000000d058        0x8 
 .text.__sinit  0x000000000000d060       0x54 D:/devkitPro/devkitA64/bin/../lib/gcc/aarch64-none-elf/15.1.0/../../../../aarch64-none-elf/lib/pic\libg.a(libc_a-findfp.o)
                0x000000000000d060                __sinit
 *fill*         0x000000000000d0b4        0xc 
 .text._strtoul_l.isra.0
                0x000000000000d0c0      0x1a4 D:/devkitPro/devkitA64/bin/../lib/gcc/aarch64-none-elf/15.1.0/../../../../aarch64-none-elf/lib/pic\libg.a(libc_a-strtoul.o)
 *fill*         0x000000000000d264       0x1c 
 .text.strtoul  0x000000000000d280       0x40 D:/devkitPro/devkitA64/bin/../lib/gcc/aarch64-none-elf/15.1.0/../../../../aarch64-none-elf/lib/pic\libg.a(libc_a-strtoul.o)
                0x000000000000d280                strtoul
 .text.__libc_init_array
                0x000000000000d2c0       0xa4 D:/devkitPro/devkitA64/bin/../lib/gcc/aarch64-none-elf/15.1.0/../../../../aarch64-none-elf/lib/pic\libg.a(libc_a-init.o)
                0x000000000000d2c0                __libc_init_array
 *fill*         0x000000000000d364       0x1c 
 .text.strncat  0x000000000000d380       0x88 D:/devkitPro/devkitA64/bin/../lib/gcc/aarch64-none-elf/15.1.0/../../../../aarch64-none-elf/lib/pic\libg.a(libc_a-strncat.o)
                0x000000000000d380                strncat
 *fill*         0x000000000000d408       0x18 
 .text._fwalk_sglue
                0x000000000000d420       0x98 D:/devkitPro/devkitA64/bin/../lib/gcc/aarch64-none-elf/15.1.0/../../../../aarch64-none-elf/lib/pic\libg.a(libc_a-fwalk.o)
                0x000000000000d420                _fwalk_sglue
 *fill*         0x000000000000d4b8        0x8 
 .text.bsearch  0x000000000000d4c0       0xb4 D:/devkitPro/devkitA64/bin/../lib/gcc/aarch64-none-elf/15.1.0/../../../../aarch64-none-elf/lib/pic\libg.a(libc_a-bsearch.o)
                0x000000000000d4c0                bsearch
 *fill*         0x000000000000d574        0xc 
 .text.__errno  0x000000000000d580       0x14 D:/devkitPro/devkitA64/bin/../lib/gcc/aarch64-none-elf/15.1.0/../../../../aarch64-none-elf/lib/pic\libg.a(libc_a-errno.o)
                0x000000000000d580                __errno
 *fill*         0x000000000000d594        0xc 
 .text._vsnprintf_r
                0x000000000000d5a0       0xa4 D:/devkitPro/devkitA64/bin/../lib/gcc/aarch64-none-elf/15.1.0/../../../../aarch64-none-elf/lib/pic\libg.a(libc_a-vsnprintf.o)
                0x000000000000d5a0                _vsnprintf_r
 *fill*         0x000000000000d644       0x1c 
 .text.vsnprintf
                0x000000000000d660       0x48 D:/devkitPro/devkitA64/bin/../lib/gcc/aarch64-none-elf/15.1.0/../../../../aarch64-none-elf/lib/pic\libg.a(libc_a-vsnprintf.o)
                0x000000000000d660                vsnprintf
 *fill*         0x000000000000d6a8       0x18 
 .text          0x000000000000d6c0       0xcc D:/devkitPro/devkitA64/bin/../lib/gcc/aarch64-none-elf/15.1.0/../../../../aarch64-none-elf/lib/pic\libg.a(libc_a-strchr.o)
                0x000000000000d6c0                strchr
 *fill*         0x000000000000d78c       0x14 
 .text.aligned_alloc
                0x000000000000d7a0       0x2c D:/devkitPro/devkitA64/bin/../lib/gcc/aarch64-none-elf/15.1.0/../../../../aarch64-none-elf/lib/pic\libg.a(libc_a-aligned_alloc.o)
                0x000000000000d7a0                aligned_alloc
 *fill*         0x000000000000d7cc       0x34 
 .text          0x000000000000d800      0x22c D:/devkitPro/devkitA64/bin/../lib/gcc/aarch64-none-elf/15.1.0/../../../../aarch64-none-elf/lib/pic\libg.a(libc_a-memcpy.o)
                0x000000000000d800                memcpy
                0x000000000000d800                memmove
 *fill*         0x000000000000da2c       0x14 
 .text.realloc  0x000000000000da40       0x2c D:/devkitPro/devkitA64/bin/../lib/gcc/aarch64-none-elf/15.1.0/../../../../aarch64-none-elf/lib/pic\libg.a(libc_a-realloc.o)
                0x000000000000da40                realloc
 *fill*         0x000000000000da6c       0x14 
 .text._fseek_r
                0x000000000000da80        0x4 D:/devkitPro/devkitA64/bin/../lib/gcc/aarch64-none-elf/15.1.0/../../../../aarch64-none-elf/lib/pic\libg.a(libc_a-fseek.o)
                0x000000000000da80                _fseek_r
 *fill*         0x000000000000da84       0x1c 
 .text.fseek    0x000000000000daa0       0x34 D:/devkitPro/devkitA64/bin/../lib/gcc/aarch64-none-elf/15.1.0/../../../../aarch64-none-elf/lib/pic\libg.a(libc_a-fseek.o)
                0x000000000000daa0                fseek
 *fill*         0x000000000000dad4        0xc 
 .text._malloc_r
                0x000000000000dae0      0x840 D:/devkitPro/devkitA64/bin/../lib/gcc/aarch64-none-elf/15.1.0/../../../../aarch64-none-elf/lib/pic\libg.a(libc_a-mallocr.o)
                0x000000000000dae0                _malloc_r
 .text.strcasecmp
                0x000000000000e320       0x74 D:/devkitPro/devkitA64/bin/../lib/gcc/aarch64-none-elf/15.1.0/../../../../aarch64-none-elf/lib/pic\libg.a(libc_a-strcasecmp.o)
                0x000000000000e320                strcasecmp
 *fill*         0x000000000000e394        0xc 
 .text._malloc_trim_r
                0x000000000000e3a0      0x11c D:/devkitPro/devkitA64/bin/../lib/gcc/aarch64-none-elf/15.1.0/../../../../aarch64-none-elf/lib/pic\libg.a(libc_a-freer.o)
                0x000000000000e3a0                _malloc_trim_r
 *fill*         0x000000000000e4bc        0x4 
 .text._free_r  0x000000000000e4c0      0x2d8 D:/devkitPro/devkitA64/bin/../lib/gcc/aarch64-none-elf/15.1.0/../../../../aarch64-none-elf/lib/pic\libg.a(libc_a-freer.o)
                0x000000000000e4c0                _free_r
 *fill*         0x000000000000e798        0x8 
 .text.snprintf
                0x000000000000e7a0       0xf8 D:/devkitPro/devkitA64/bin/../lib/gcc/aarch64-none-elf/15.1.0/../../../../aarch64-none-elf/lib/pic\libg.a(libc_a-snprintf.o)
                0x000000000000e7a0                snprintf
 .text.get_arg  0x000000000000e898      0x790 D:/devkitPro/devkitA64/bin/../lib/gcc/aarch64-none-elf/15.1.0/../../../../aarch64-none-elf/lib/pic\libg.a(libc_a-svfprintf.o)
 .text._svfprintf_r
                0x000000000000f028     0x3a84 D:/devkitPro/devkitA64/bin/../lib/gcc/aarch64-none-elf/15.1.0/../../../../aarch64-none-elf/lib/pic\libg.a(libc_a-svfprintf.o)
                0x000000000000f028                _svfprintf_r
 *fill*         0x0000000000012aac       0x14 
 .text.malloc   0x0000000000012ac0       0x38 D:/devkitPro/devkitA64/bin/../lib/gcc/aarch64-none-elf/15.1.0/../../../../aarch64-none-elf/lib/pic\libg.a(libc_a-malloc.o)
                0x0000000000012ac0                malloc
 *fill*         0x0000000000012af8        0x8 
 .text.free     0x0000000000012b00       0x1c D:/devkitPro/devkitA64/bin/../lib/gcc/aarch64-none-elf/15.1.0/../../../../aarch64-none-elf/lib/pic\libg.a(libc_a-malloc.o)
                0x0000000000012b00                free
 *fill*         0x0000000000012b1c        0x4 
 .text.__sflush_r
                0x0000000000012b20      0x1ec D:/devkitPro/devkitA64/bin/../lib/gcc/aarch64-none-elf/15.1.0/../../../../aarch64-none-elf/lib/pic\libg.a(libc_a-fflush.o)
                0x0000000000012b20                __sflush_r
 *fill*         0x0000000000012d0c       0x14 
 .text._fflush_r
                0x0000000000012d20       0xbc D:/devkitPro/devkitA64/bin/../lib/gcc/aarch64-none-elf/15.1.0/../../../../aarch64-none-elf/lib/pic\libg.a(libc_a-fflush.o)
                0x0000000000012d20                _fflush_r
 *fill*         0x0000000000012ddc        0x4 
 .text.fflush   0x0000000000012de0       0x3c D:/devkitPro/devkitA64/bin/../lib/gcc/aarch64-none-elf/15.1.0/../../../../aarch64-none-elf/lib/pic\libg.a(libc_a-fflush.o)
                0x0000000000012de0                fflush
 *fill*         0x0000000000012e1c        0x4 
 .text.gmtime   0x0000000000012e20       0x28 D:/devkitPro/devkitA64/bin/../lib/gcc/aarch64-none-elf/15.1.0/../../../../aarch64-none-elf/lib/pic\libg.a(libc_a-gmtime.o)
                0x0000000000012e20                gmtime
 *fill*         0x0000000000012e48       0x38 
 .text          0x0000000000012e80      0x130 D:/devkitPro/devkitA64/bin/../lib/gcc/aarch64-none-elf/15.1.0/../../../../aarch64-none-elf/lib/pic\libg.a(libc_a-strlen.o)
                0x0000000000012e80                strlen
 *fill*         0x0000000000012fb0       0x10 
 .text._realloc_r
                0x0000000000012fc0      0x568 D:/devkitPro/devkitA64/bin/../lib/gcc/aarch64-none-elf/15.1.0/../../../../aarch64-none-elf/lib/pic\libg.a(libc_a-reallocr.o)
                0x0000000000012fc0                _realloc_r
 *fill*         0x0000000000013528       0x18 
 .text._fread_r
                0x0000000000013540      0x330 D:/devkitPro/devkitA64/bin/../lib/gcc/aarch64-none-elf/15.1.0/../../../../aarch64-none-elf/lib/pic\libg.a(libc_a-fread.o)
                0x0000000000013540                _fread_r
 *fill*         0x0000000000013870       0x10 
 .text.fread    0x0000000000013880       0x34 D:/devkitPro/devkitA64/bin/../lib/gcc/aarch64-none-elf/15.1.0/../../../../aarch64-none-elf/lib/pic\libg.a(libc_a-fread.o)
                0x0000000000013880                fread
 *fill*         0x00000000000138b4        0xc 
 .text          0x00000000000138c0       0xb8 D:/devkitPro/devkitA64/bin/../lib/gcc/aarch64-none-elf/15.1.0/../../../../aarch64-none-elf/lib/pic\libg.a(libc_a-strnlen.o)
                0x00000000000138c0                strnlen
 *fill*         0x0000000000013978        0x8 
 .text.__malloc_lock
                0x0000000000013980        0xc D:/devkitPro/devkitA64/bin/../lib/gcc/aarch64-none-elf/15.1.0/../../../../aarch64-none-elf/lib/pic\libg.a(libc_a-mlock.o)
                0x0000000000013980                __malloc_lock
 *fill*         0x000000000001398c       0x14 
 .text.__malloc_unlock
                0x00000000000139a0        0xc D:/devkitPro/devkitA64/bin/../lib/gcc/aarch64-none-elf/15.1.0/../../../../aarch64-none-elf/lib/pic\libg.a(libc_a-mlock.o)
                0x00000000000139a0                __malloc_unlock
 *fill*         0x00000000000139ac       0x14 
 .text.__call_exitprocs
                0x00000000000139c0        0x4 D:/devkitPro/devkitA64/bin/../lib/gcc/aarch64-none-elf/15.1.0/../../../../aarch64-none-elf/lib/pic\libg.a(libc_a-exit.o)
                0x00000000000139c0                __call_exitprocs
 *fill*         0x00000000000139c4       0x1c 
 .text.__strtok_r
                0x00000000000139e0       0xa8 D:/devkitPro/devkitA64/bin/../lib/gcc/aarch64-none-elf/15.1.0/../../../../aarch64-none-elf/lib/pic\libg.a(libc_a-strtok_r.o)
                0x00000000000139e0                __strtok_r
 *fill*         0x0000000000013a88       0x18 
 .text.strtok_r
                0x0000000000013aa0        0x8 D:/devkitPro/devkitA64/bin/../lib/gcc/aarch64-none-elf/15.1.0/../../../../aarch64-none-elf/lib/pic\libg.a(libc_a-strtok_r.o)
                0x0000000000013aa0                strtok_r
 *fill*         0x0000000000013aa8       0x18 
 .text._fopen_r
                0x0000000000013ac0      0x120 D:/devkitPro/devkitA64/bin/../lib/gcc/aarch64-none-elf/15.1.0/../../../../aarch64-none-elf/lib/pic\libg.a(libc_a-fopen.o)
                0x0000000000013ac0                _fopen_r
 .text.fopen    0x0000000000013be0       0x2c D:/devkitPro/devkitA64/bin/../lib/gcc/aarch64-none-elf/15.1.0/../../../../aarch64-none-elf/lib/pic\libg.a(libc_a-fopen.o)
                0x0000000000013be0                fopen
 *fill*         0x0000000000013c0c       0x14 
 .text.close    0x0000000000013c20       0x1c D:/devkitPro/devkitA64/bin/../lib/gcc/aarch64-none-elf/15.1.0/../../../../aarch64-none-elf/lib/pic\libg.a(libc_a-sysclose.o)
                0x0000000000013c20                close
 *fill*         0x0000000000013c3c        0x4 
 .text.strncpy  0x0000000000013c40       0xac D:/devkitPro/devkitA64/bin/../lib/gcc/aarch64-none-elf/15.1.0/../../../../aarch64-none-elf/lib/pic\libg.a(libc_a-strncpy.o)
                0x0000000000013c40                strncpy
 *fill*         0x0000000000013cec       0x14 
 .text._ftell_r
                0x0000000000013d00        0x4 D:/devkitPro/devkitA64/bin/../lib/gcc/aarch64-none-elf/15.1.0/../../../../aarch64-none-elf/lib/pic\libg.a(libc_a-ftell.o)
                0x0000000000013d00                _ftell_r
 *fill*         0x0000000000013d04       0x1c 
 .text.ftell    0x0000000000013d20       0x1c D:/devkitPro/devkitA64/bin/../lib/gcc/aarch64-none-elf/15.1.0/../../../../aarch64-none-elf/lib/pic\libg.a(libc_a-ftell.o)
                0x0000000000013d20                ftell
 *fill*         0x0000000000013d3c        0x4 
 .text._strtoull_l.isra.0
                0x0000000000013d40      0x1a4 D:/devkitPro/devkitA64/bin/../lib/gcc/aarch64-none-elf/15.1.0/../../../../aarch64-none-elf/lib/pic\libg.a(libc_a-strtoull.o)
 *fill*         0x0000000000013ee4       0x1c 
 .text.strtoull
                0x0000000000013f00       0x40 D:/devkitPro/devkitA64/bin/../lib/gcc/aarch64-none-elf/15.1.0/../../../../aarch64-none-elf/lib/pic\libg.a(libc_a-strtoull.o)
                0x0000000000013f00                strtoull
 .text._wcsrtombs_r
                0x0000000000013f40       0x10 D:/devkitPro/devkitA64/bin/../lib/gcc/aarch64-none-elf/15.1.0/../../../../aarch64-none-elf/lib/pic\libg.a(libc_a-wcsrtombs.o)
                0x0000000000013f40                _wcsrtombs_r
 *fill*         0x0000000000013f50       0x10 
 .text.frexp    0x0000000000013f60       0x7c D:/devkitPro/devkitA64/bin/../lib/gcc/aarch64-none-elf/15.1.0/../../../../aarch64-none-elf/lib/pic\libg.a(libm_a-s_frexp.o)
                0x0000000000013f60                frexp
 *fill*         0x0000000000013fdc        0x4 
 .text.__sfvwrite_r
                0x0000000000013fe0      0x4a4 D:/devkitPro/devkitA64/bin/../lib/gcc/aarch64-none-elf/15.1.0/../../../../aarch64-none-elf/lib/pic\libg.a(libc_a-fvwrite.o)
                0x0000000000013fe0                __sfvwrite_r
 *fill*         0x0000000000014484       0x1c 
 .text.__sread  0x00000000000144a0       0x4c D:/devkitPro/devkitA64/bin/../lib/gcc/aarch64-none-elf/15.1.0/../../../../aarch64-none-elf/lib/pic\libg.a(libc_a-stdio.o)
                0x00000000000144a0                __sread
 *fill*         0x00000000000144ec       0x14 
 .text.__swrite
                0x0000000000014500       0x70 D:/devkitPro/devkitA64/bin/../lib/gcc/aarch64-none-elf/15.1.0/../../../../aarch64-none-elf/lib/pic\libg.a(libc_a-stdio.o)
                0x0000000000014500                __swrite
 *fill*         0x0000000000014570       0x10 
 .text.__sseek  0x0000000000014580       0x50 D:/devkitPro/devkitA64/bin/../lib/gcc/aarch64-none-elf/15.1.0/../../../../aarch64-none-elf/lib/pic\libg.a(libc_a-stdio.o)
                0x0000000000014580                __sseek
 *fill*         0x00000000000145d0       0x10 
 .text.__sclose
                0x00000000000145e0        0x8 D:/devkitPro/devkitA64/bin/../lib/gcc/aarch64-none-elf/15.1.0/../../../../aarch64-none-elf/lib/pic\libg.a(libc_a-stdio.o)
                0x00000000000145e0                __sclose
 *fill*         0x00000000000145e8       0x18 
 .text.__locale_mb_cur_max
                0x0000000000014600       0x2c D:/devkitPro/devkitA64/bin/../lib/gcc/aarch64-none-elf/15.1.0/../../../../aarch64-none-elf/lib/pic\libg.a(libc_a-locale.o)
                0x0000000000014600                __locale_mb_cur_max
 *fill*         0x000000000001462c       0x14 
 .text.__ssprint_r
                0x0000000000014640       0xc8 D:/devkitPro/devkitA64/bin/../lib/gcc/aarch64-none-elf/15.1.0/../../../../aarch64-none-elf/lib/pic\libg.a(libc_a-ssprint_r.o)
                0x0000000000014640                __ssprint_r
 *fill*         0x0000000000014708       0x18 
 .text.gmtime_r
                0x0000000000014720      0x2a0 D:/devkitPro/devkitA64/bin/../lib/gcc/aarch64-none-elf/15.1.0/../../../../aarch64-none-elf/lib/pic\libg.a(libc_a-gmtime_r.o)
                0x0000000000014720                gmtime_r
 .text._memalign_r
                0x00000000000149c0      0x18c D:/devkitPro/devkitA64/bin/../lib/gcc/aarch64-none-elf/15.1.0/../../../../aarch64-none-elf/lib/pic\libg.a(libc_a-malignr.o)
                0x00000000000149c0                _memalign_r
 *fill*         0x0000000000014b4c       0x14 
 .text._wcsnrtombs_l
                0x0000000000014b60      0x188 D:/devkitPro/devkitA64/bin/../lib/gcc/aarch64-none-elf/15.1.0/../../../../aarch64-none-elf/lib/pic\libg.a(libc_a-wcsnrtombs.o)
                0x0000000000014b60                _wcsnrtombs_l
 *fill*         0x0000000000014ce8       0x18 
 .text._wcsnrtombs_r
                0x0000000000014d00       0x54 D:/devkitPro/devkitA64/bin/../lib/gcc/aarch64-none-elf/15.1.0/../../../../aarch64-none-elf/lib/pic\libg.a(libc_a-wcsnrtombs.o)
                0x0000000000014d00                _wcsnrtombs_r
 *fill*         0x0000000000014d54       0x2c 
 .text          0x0000000000014d80       0xdc D:/devkitPro/devkitA64/bin/../lib/gcc/aarch64-none-elf/15.1.0/../../../../aarch64-none-elf/lib/pic\libg.a(libc_a-memchr.o)
                0x0000000000014d80                memchr
 *fill*         0x0000000000014e5c        0x4 
 .text.__utf8_mbtowc
                0x0000000000014e60      0x2dc D:/devkitPro/devkitA64/bin/../lib/gcc/aarch64-none-elf/15.1.0/../../../../aarch64-none-elf/lib/pic\libg.a(libc_a-mbtowc_r.o)
                0x0000000000014e60                __utf8_mbtowc
 *fill*         0x000000000001513c        0x4 
 .text._fseeko_r
                0x0000000000015140      0x4c0 D:/devkitPro/devkitA64/bin/../lib/gcc/aarch64-none-elf/15.1.0/../../../../aarch64-none-elf/lib/pic\libg.a(libc_a-fseeko.o)
                0x0000000000015140                _fseeko_r
 .text.__localeconv_l
                0x0000000000015600        0x8 D:/devkitPro/devkitA64/bin/../lib/gcc/aarch64-none-elf/15.1.0/../../../../aarch64-none-elf/lib/pic\libg.a(libc_a-localeconv.o)
                0x0000000000015600                __localeconv_l
 *fill*         0x0000000000015608       0x18 
 .text._localeconv_r
                0x0000000000015620       0x28 D:/devkitPro/devkitA64/bin/../lib/gcc/aarch64-none-elf/15.1.0/../../../../aarch64-none-elf/lib/pic\libg.a(libc_a-localeconv.o)
                0x0000000000015620                _localeconv_r
 *fill*         0x0000000000015648       0x18 
 .text.quorem   0x0000000000015660      0x1a4 D:/devkitPro/devkitA64/bin/../lib/gcc/aarch64-none-elf/15.1.0/../../../../aarch64-none-elf/lib/pic\libg.a(libc_a-dtoa.o)
 *fill*         0x0000000000015804       0x1c 
 .text._dtoa_r  0x0000000000015820     0x1320 D:/devkitPro/devkitA64/bin/../lib/gcc/aarch64-none-elf/15.1.0/../../../../aarch64-none-elf/lib/pic\libg.a(libc_a-dtoa.o)
                0x0000000000015820                _dtoa_r
 .text._wcrtomb_r
                0x0000000000016b40       0xd0 D:/devkitPro/devkitA64/bin/../lib/gcc/aarch64-none-elf/15.1.0/../../../../aarch64-none-elf/lib/pic\libg.a(libc_a-wcrtomb.o)
                0x0000000000016b40                _wcrtomb_r
 *fill*         0x0000000000016c10       0x10 
 .text.__sflags
                0x0000000000016c20       0xb8 D:/devkitPro/devkitA64/bin/../lib/gcc/aarch64-none-elf/15.1.0/../../../../aarch64-none-elf/lib/pic\libg.a(libc_a-flags.o)
                0x0000000000016c20                __sflags
 *fill*         0x0000000000016cd8        0x8 
 .text.__libc_fini_array
                0x0000000000016ce0       0x44 D:/devkitPro/devkitA64/bin/../lib/gcc/aarch64-none-elf/15.1.0/../../../../aarch64-none-elf/lib/pic\libg.a(libc_a-fini.o)
                0x0000000000016ce0                __libc_fini_array
 *fill*         0x0000000000016d24       0x1c 
 .text.lflush   0x0000000000016d40       0x38 D:/devkitPro/devkitA64/bin/../lib/gcc/aarch64-none-elf/15.1.0/../../../../aarch64-none-elf/lib/pic\libg.a(libc_a-refill.o)
 *fill*         0x0000000000016d78        0x8 
 .text.__srefill_r
                0x0000000000016d80      0x190 D:/devkitPro/devkitA64/bin/../lib/gcc/aarch64-none-elf/15.1.0/../../../../aarch64-none-elf/lib/pic\libg.a(libc_a-refill.o)
                0x0000000000016d80                __srefill_r
 *fill*         0x0000000000016f10       0x10 
 .text.__swhatbuf_r
                0x0000000000016f20       0xb0 D:/devkitPro/devkitA64/bin/../lib/gcc/aarch64-none-elf/15.1.0/../../../../aarch64-none-elf/lib/pic\libg.a(libc_a-makebuf.o)
                0x0000000000016f20                __swhatbuf_r
 *fill*         0x0000000000016fd0       0x10 
 .text.__smakebuf_r
                0x0000000000016fe0       0xe8 D:/devkitPro/devkitA64/bin/../lib/gcc/aarch64-none-elf/15.1.0/../../../../aarch64-none-elf/lib/pic\libg.a(libc_a-makebuf.o)
                0x0000000000016fe0                __smakebuf_r
 *fill*         0x00000000000170c8       0x18 
 .text.__ssputs_r
                0x00000000000170e0      0x188 D:/devkitPro/devkitA64/bin/../lib/gcc/aarch64-none-elf/15.1.0/../../../../aarch64-none-elf/lib/pic\libg.a(libc_a-ssputs_r.o)
                0x00000000000170e0                __ssputs_r
 *fill*         0x0000000000017268       0x18 
 .text._ftello_r
                0x0000000000017280      0x168 D:/devkitPro/devkitA64/bin/../lib/gcc/aarch64-none-elf/15.1.0/../../../../aarch64-none-elf/lib/pic\libg.a(libc_a-ftello.o)
                0x0000000000017280                _ftello_r
 *fill*         0x00000000000173e8       0x18 
 .text.__utf8_wctomb
                0x0000000000017400       0xe0 D:/devkitPro/devkitA64/bin/../lib/gcc/aarch64-none-elf/15.1.0/../../../../aarch64-none-elf/lib/pic\libg.a(libc_a-wctomb_r.o)
                0x0000000000017400                __utf8_wctomb
 .text.__swsetup_r
                0x00000000000174e0      0x12c D:/devkitPro/devkitA64/bin/../lib/gcc/aarch64-none-elf/15.1.0/../../../../aarch64-none-elf/lib/pic\libg.a(libc_a-wsetup.o)
                0x00000000000174e0                __swsetup_r
 *fill*         0x000000000001760c       0x14 
 .text.__assert_func
                0x0000000000017620       0x64 D:/devkitPro/devkitA64/bin/../lib/gcc/aarch64-none-elf/15.1.0/../../../../aarch64-none-elf/lib/pic\libg.a(libc_a-assert.o)
                0x0000000000017620                __assert_func
 *fill*         0x0000000000017684       0x1c 
 .text._Balloc  0x00000000000176a0       0xa4 D:/devkitPro/devkitA64/bin/../lib/gcc/aarch64-none-elf/15.1.0/../../../../aarch64-none-elf/lib/pic\libg.a(libc_a-mprec.o)
                0x00000000000176a0                _Balloc
 *fill*         0x0000000000017744       0x1c 
 .text._Bfree   0x0000000000017760       0x20 D:/devkitPro/devkitA64/bin/../lib/gcc/aarch64-none-elf/15.1.0/../../../../aarch64-none-elf/lib/pic\libg.a(libc_a-mprec.o)
                0x0000000000017760                _Bfree
 .text.__multadd
                0x0000000000017780      0x118 D:/devkitPro/devkitA64/bin/../lib/gcc/aarch64-none-elf/15.1.0/../../../../aarch64-none-elf/lib/pic\libg.a(libc_a-mprec.o)
                0x0000000000017780                __multadd
 *fill*         0x0000000000017898        0x8 
 .text.__hi0bits
                0x00000000000178a0       0x94 D:/devkitPro/devkitA64/bin/../lib/gcc/aarch64-none-elf/15.1.0/../../../../aarch64-none-elf/lib/pic\libg.a(libc_a-mprec.o)
                0x00000000000178a0                __hi0bits
 *fill*         0x0000000000017934        0xc 
 .text.__lo0bits
                0x0000000000017940      0x100 D:/devkitPro/devkitA64/bin/../lib/gcc/aarch64-none-elf/15.1.0/../../../../aarch64-none-elf/lib/pic\libg.a(libc_a-mprec.o)
                0x0000000000017940                __lo0bits
 .text.__i2b    0x0000000000017a40       0x4c D:/devkitPro/devkitA64/bin/../lib/gcc/aarch64-none-elf/15.1.0/../../../../aarch64-none-elf/lib/pic\libg.a(libc_a-mprec.o)
                0x0000000000017a40                __i2b
 *fill*         0x0000000000017a8c       0x14 
 .text.__multiply
                0x0000000000017aa0      0x210 D:/devkitPro/devkitA64/bin/../lib/gcc/aarch64-none-elf/15.1.0/../../../../aarch64-none-elf/lib/pic\libg.a(libc_a-mprec.o)
                0x0000000000017aa0                __multiply
 *fill*         0x0000000000017cb0       0x10 
 .text.__pow5mult
                0x0000000000017cc0      0x104 D:/devkitPro/devkitA64/bin/../lib/gcc/aarch64-none-elf/15.1.0/../../../../aarch64-none-elf/lib/pic\libg.a(libc_a-mprec.o)
                0x0000000000017cc0                __pow5mult
 *fill*         0x0000000000017dc4       0x1c 
 .text.__lshift
                0x0000000000017de0      0x174 D:/devkitPro/devkitA64/bin/../lib/gcc/aarch64-none-elf/15.1.0/../../../../aarch64-none-elf/lib/pic\libg.a(libc_a-mprec.o)
                0x0000000000017de0                __lshift
 *fill*         0x0000000000017f54        0xc 
 .text.__mcmp   0x0000000000017f60       0x50 D:/devkitPro/devkitA64/bin/../lib/gcc/aarch64-none-elf/15.1.0/../../../../aarch64-none-elf/lib/pic\libg.a(libc_a-mprec.o)
                0x0000000000017f60                __mcmp
 *fill*         0x0000000000017fb0       0x10 
 .text.__mdiff  0x0000000000017fc0      0x1c4 D:/devkitPro/devkitA64/bin/../lib/gcc/aarch64-none-elf/15.1.0/../../../../aarch64-none-elf/lib/pic\libg.a(libc_a-mprec.o)
                0x0000000000017fc0                __mdiff
 *fill*         0x0000000000018184       0x1c 
 .text.__d2b    0x00000000000181a0      0x14c D:/devkitPro/devkitA64/bin/../lib/gcc/aarch64-none-elf/15.1.0/../../../../aarch64-none-elf/lib/pic\libg.a(libc_a-mprec.o)
                0x00000000000181a0                __d2b
 *fill*         0x00000000000182ec       0x14 
 .text.fiprintf
                0x0000000000018300       0x80 D:/devkitPro/devkitA64/bin/../lib/gcc/aarch64-none-elf/15.1.0/../../../../aarch64-none-elf/lib/pic\libg.a(libc_a-fiprintf.o)
                0x0000000000018300                fiprintf
 .text.abort    0x0000000000018380       0x18 D:/devkitPro/devkitA64/bin/../lib/gcc/aarch64-none-elf/15.1.0/../../../../aarch64-none-elf/lib/pic\libg.a(libc_a-abort.o)
                0x0000000000018380                abort
 *fill*         0x0000000000018398        0x8 
 .text._calloc_r
                0x00000000000183a0       0xbc D:/devkitPro/devkitA64/bin/../lib/gcc/aarch64-none-elf/15.1.0/../../../../aarch64-none-elf/lib/pic\libg.a(libc_a-callocr.o)
                0x00000000000183a0                _calloc_r
 *fill*         0x000000000001845c        0x4 
 .text._raise_r
                0x0000000000018460       0x9c D:/devkitPro/devkitA64/bin/../lib/gcc/aarch64-none-elf/15.1.0/../../../../aarch64-none-elf/lib/pic\libg.a(libc_a-signal.o)
                0x0000000000018460                _raise_r
 *fill*         0x00000000000184fc        0x4 
 .text.raise    0x0000000000018500       0x1c D:/devkitPro/devkitA64/bin/../lib/gcc/aarch64-none-elf/15.1.0/../../../../aarch64-none-elf/lib/pic\libg.a(libc_a-signal.o)
                0x0000000000018500                raise
 .text.get_arg  0x000000000001851c      0x790 D:/devkitPro/devkitA64/bin/../lib/gcc/aarch64-none-elf/15.1.0/../../../../aarch64-none-elf/lib/pic\libg.a(libc_a-vfiprintf.o)
 .text._vfiprintf_r
                0x0000000000018cac     0x2964 D:/devkitPro/devkitA64/bin/../lib/gcc/aarch64-none-elf/15.1.0/../../../../aarch64-none-elf/lib/pic\libg.a(libc_a-vfiprintf.o)
                0x0000000000018cac                _vfiprintf_r
 .text.__sbprintf
                0x000000000001b610       0xd0 D:/devkitPro/devkitA64/bin/../lib/gcc/aarch64-none-elf/15.1.0/../../../../aarch64-none-elf/lib/pic\libg.a(libc_a-vfiprintf.o)
 .text.__sprint_r
                0x000000000001b6e0       0x38 D:/devkitPro/devkitA64/bin/../lib/gcc/aarch64-none-elf/15.1.0/../../../../aarch64-none-elf/lib/pic\libg.a(libc_a-sprint_r.o)
                0x000000000001b6e0                __sprint_r
 *fill*         0x000000000001b718        0x8 
 .text._exit    0x000000000001b720       0x20 D:/devkitPro/devkitA64/bin/../lib/gcc/aarch64-none-elf/15.1.0/../../../../aarch64-none-elf/lib/pic\libsysbase.a(libsysbase_libsysbase_a-_exit.o)
                0x000000000001b720                _exit
 .text._fstat_r
                0x000000000001b740       0x9c D:/devkitPro/devkitA64/bin/../lib/gcc/aarch64-none-elf/15.1.0/../../../../aarch64-none-elf/lib/pic\libsysbase.a(libsysbase_libsysbase_a-fstat.o)
                0x000000000001b740                _fstat_r
 *fill*         0x000000000001b7dc        0x4 
 .text._getpid_r
                0x000000000001b7e0       0x10 D:/devkitPro/devkitA64/bin/../lib/gcc/aarch64-none-elf/15.1.0/../../../../aarch64-none-elf/lib/pic\libsysbase.a(libsysbase_libsysbase_a-getpid.o)
                0x000000000001b7e0                _getpid_r
 *fill*         0x000000000001b7f0       0x10 
 .text.__getreent
                0x000000000001b800       0x20 D:/devkitPro/devkitA64/bin/../lib/gcc/aarch64-none-elf/15.1.0/../../../../aarch64-none-elf/lib/pic\libsysbase.a(libsysbase_libsysbase_a-getreent.o)
                0x000000000001b800                __getreent
 .text.__release_handle
                0x000000000001b820       0xa0 D:/devkitPro/devkitA64/bin/../lib/gcc/aarch64-none-elf/15.1.0/../../../../aarch64-none-elf/lib/pic\libsysbase.a(libsysbase_libsysbase_a-handle_manager.o)
                0x000000000001b820                __release_handle
 .text.__alloc_handle
                0x000000000001b8c0      0x130 D:/devkitPro/devkitA64/bin/../lib/gcc/aarch64-none-elf/15.1.0/../../../../aarch64-none-elf/lib/pic\libsysbase.a(libsysbase_libsysbase_a-handle_manager.o)
                0x000000000001b8c0                __alloc_handle
 *fill*         0x000000000001b9f0       0x10 
 .text.__get_handle
                0x000000000001ba00       0x60 D:/devkitPro/devkitA64/bin/../lib/gcc/aarch64-none-elf/15.1.0/../../../../aarch64-none-elf/lib/pic\libsysbase.a(libsysbase_libsysbase_a-handle_manager.o)
                0x000000000001ba00                __get_handle
 .text._close_r
                0x000000000001ba60       0xf4 D:/devkitPro/devkitA64/bin/../lib/gcc/aarch64-none-elf/15.1.0/../../../../aarch64-none-elf/lib/pic\libsysbase.a(libsysbase_libsysbase_a-handle_manager.o)
                0x000000000001ba60                _close_r
 *fill*         0x000000000001bb54        0xc 
 .text.null_write
                0x000000000001bb60        0x8 D:/devkitPro/devkitA64/bin/../lib/gcc/aarch64-none-elf/15.1.0/../../../../aarch64-none-elf/lib/pic\libsysbase.a(libsysbase_libsysbase_a-iosupport.o)
 *fill*         0x000000000001bb68       0x18 
 .text.setDefaultDevice
                0x000000000001bb80       0x18 D:/devkitPro/devkitA64/bin/../lib/gcc/aarch64-none-elf/15.1.0/../../../../aarch64-none-elf/lib/pic\libsysbase.a(libsysbase_libsysbase_a-iosupport.o)
                0x000000000001bb80                setDefaultDevice
 *fill*         0x000000000001bb98        0x8 
 .text.FindDevice
                0x000000000001bba0      0x110 D:/devkitPro/devkitA64/bin/../lib/gcc/aarch64-none-elf/15.1.0/../../../../aarch64-none-elf/lib/pic\libsysbase.a(libsysbase_libsysbase_a-iosupport.o)
                0x000000000001bba0                FindDevice
 *fill*         0x000000000001bcb0       0x10 
 .text.RemoveDevice
                0x000000000001bcc0       0x34 D:/devkitPro/devkitA64/bin/../lib/gcc/aarch64-none-elf/15.1.0/../../../../aarch64-none-elf/lib/pic\libsysbase.a(libsysbase_libsysbase_a-iosupport.o)
                0x000000000001bcc0                RemoveDevice
 *fill*         0x000000000001bcf4        0xc 
 .text.AddDevice
                0x000000000001bd00       0xc4 D:/devkitPro/devkitA64/bin/../lib/gcc/aarch64-none-elf/15.1.0/../../../../aarch64-none-elf/lib/pic\libsysbase.a(libsysbase_libsysbase_a-iosupport.o)
                0x000000000001bd00                AddDevice
 *fill*         0x000000000001bdc4       0x1c 
 .text.GetDeviceOpTab
                0x000000000001bde0       0x34 D:/devkitPro/devkitA64/bin/../lib/gcc/aarch64-none-elf/15.1.0/../../../../aarch64-none-elf/lib/pic\libsysbase.a(libsysbase_libsysbase_a-iosupport.o)
                0x000000000001bde0                GetDeviceOpTab
 *fill*         0x000000000001be14        0xc 
 .text._isatty_r
                0x000000000001be20        0x8 D:/devkitPro/devkitA64/bin/../lib/gcc/aarch64-none-elf/15.1.0/../../../../aarch64-none-elf/lib/pic\libsysbase.a(libsysbase_libsysbase_a-isatty.o)
                0x000000000001be20                _isatty_r
 *fill*         0x000000000001be28       0x18 
 .text._kill_r  0x000000000001be40       0x10 D:/devkitPro/devkitA64/bin/../lib/gcc/aarch64-none-elf/15.1.0/../../../../aarch64-none-elf/lib/pic\libsysbase.a(libsysbase_libsysbase_a-kill.o)
                0x000000000001be40                _kill_r
 *fill*         0x000000000001be50       0x10 
 .text._lseek_r
                0x000000000001be60       0xa0 D:/devkitPro/devkitA64/bin/../lib/gcc/aarch64-none-elf/15.1.0/../../../../aarch64-none-elf/lib/pic\libsysbase.a(libsysbase_libsysbase_a-lseek.o)
                0x000000000001be60                _lseek_r
 .text._open_r  0x000000000001bf00       0xf0 D:/devkitPro/devkitA64/bin/../lib/gcc/aarch64-none-elf/15.1.0/../../../../aarch64-none-elf/lib/pic\libsysbase.a(libsysbase_libsysbase_a-open.o)
                0x000000000001bf00                _open_r
 *fill*         0x000000000001bff0       0x10 
 .text._read_r  0x000000000001c000       0xb0 D:/devkitPro/devkitA64/bin/../lib/gcc/aarch64-none-elf/15.1.0/../../../../aarch64-none-elf/lib/pic\libsysbase.a(libsysbase_libsysbase_a-read.o)
                0x000000000001c000                _read_r
 *fill*         0x000000000001c0b0       0x10 
 .text._sbrk_r  0x000000000001c0c0       0x78 D:/devkitPro/devkitA64/bin/../lib/gcc/aarch64-none-elf/15.1.0/../../../../aarch64-none-elf/lib/pic\libsysbase.a(libsysbase_libsysbase_a-sbrk.o)
                0x000000000001c0c0                _sbrk_r
 *fill*         0x000000000001c138        0x8 
 .text.__libc_lock_acquire
                0x000000000001c140       0x14 D:/devkitPro/devkitA64/bin/../lib/gcc/aarch64-none-elf/15.1.0/../../../../aarch64-none-elf/lib/pic\libsysbase.a(libsysbase_libsysbase_a-syscall_support.o)
                0x000000000001c140                __libc_lock_acquire
 *fill*         0x000000000001c154        0xc 
 .text.__libc_lock_release
                0x000000000001c160       0x14 D:/devkitPro/devkitA64/bin/../lib/gcc/aarch64-none-elf/15.1.0/../../../../aarch64-none-elf/lib/pic\libsysbase.a(libsysbase_libsysbase_a-syscall_support.o)
                0x000000000001c160                __libc_lock_release
 *fill*         0x000000000001c174        0xc 
 .text.__libc_lock_acquire_recursive
                0x000000000001c180       0x14 D:/devkitPro/devkitA64/bin/../lib/gcc/aarch64-none-elf/15.1.0/../../../../aarch64-none-elf/lib/pic\libsysbase.a(libsysbase_libsysbase_a-syscall_support.o)
                0x000000000001c180                __libc_lock_acquire_recursive
 *fill*         0x000000000001c194        0xc 
 .text.__libc_lock_release_recursive
                0x000000000001c1a0       0x14 D:/devkitPro/devkitA64/bin/../lib/gcc/aarch64-none-elf/15.1.0/../../../../aarch64-none-elf/lib/pic\libsysbase.a(libsysbase_libsysbase_a-syscall_support.o)
                0x000000000001c1a0                __libc_lock_release_recursive
 *fill*         0x000000000001c1b4        0xc 
 .text._write_r
                0x000000000001c1c0       0xb0 D:/devkitPro/devkitA64/bin/../lib/gcc/aarch64-none-elf/15.1.0/../../../../aarch64-none-elf/lib/pic\libsysbase.a(libsysbase_libsysbase_a-write.o)
                0x000000000001c1c0                _write_r
 *fill*         0x000000000001c270       0x10 
 .text.__trunctfdf2
                0x000000000001c280      0x380 D:/devkitPro/devkitA64/bin/../lib/gcc/aarch64-none-elf/15.1.0/pic\libgcc.a(trunctfdf2.o)
                0x000000000001c280                __trunctfdf2
 .text.__sfp_handle_exceptions
                0x000000000001c600       0x70 D:/devkitPro/devkitA64/bin/../lib/gcc/aarch64-none-elf/15.1.0/pic\libgcc.a(sfp-exceptions.o)
                0x000000000001c600                __sfp_handle_exceptions
                0x000000000001c670                . = ALIGN (0x8)

.init           0x000000000001c670       0x38
 *(.init)
 .init          0x000000000001c670       0x18 D:/devkitPro/devkitA64/bin/../lib/gcc/aarch64-none-elf/15.1.0/pic/crti.o
                0x000000000001c670                _init
 .init          0x000000000001c688       0x1c D:/devkitPro/devkitA64/bin/../lib/gcc/aarch64-none-elf/15.1.0/pic/crtn.o
                0x000000000001c6a8                . = ALIGN (0x8)
 *fill*         0x000000000001c6a4        0x4 

.plt            0x000000000001c6a8        0x0
 *(.plt)
 .plt           0x000000000001c6a8        0x0 D:/devkitPro/devkitA64/bin/../lib/gcc/aarch64-none-elf/15.1.0/pic/crti.o
 *(.iplt)
                0x000000000001c6a8                . = ALIGN (0x8)

.fini           0x000000000001c6a8       0x38
 *(.fini)
 .fini          0x000000000001c6a8       0x18 D:/devkitPro/devkitA64/bin/../lib/gcc/aarch64-none-elf/15.1.0/pic/crti.o
                0x000000000001c6a8                _fini
 .fini          0x000000000001c6c0       0x1c D:/devkitPro/devkitA64/bin/../lib/gcc/aarch64-none-elf/15.1.0/pic/crtn.o
                0x000000000001c6e0                . = ALIGN (0x8)
 *fill*         0x000000000001c6dc        0x4 
                0x000000000001d000                . = ALIGN (0x1000)
                [!provide]                        PROVIDE (__rodata_start = .)

.nx-module-name
                0x000000000001d000       0x12
 *(.nx-module-name)
 .nx-module-name
                0x000000000001d000       0x12 D:/devkitPro/devkitA64/bin/../lib/gcc/aarch64-none-elf/15.1.0/pic/crti.o

.rela.dyn       0x000000000001d018        0x0
 *(.rela.*)
 .rela.got      0x000000000001d018        0x0 D:/devkitPro/devkitA64/bin/../lib/gcc/aarch64-none-elf/15.1.0/pic/crti.o
 .rela.plt      0x000000000001d018        0x0 D:/devkitPro/devkitA64/bin/../lib/gcc/aarch64-none-elf/15.1.0/pic/crti.o
 .rela.bss      0x000000000001d018        0x0 D:/devkitPro/devkitA64/bin/../lib/gcc/aarch64-none-elf/15.1.0/pic/crti.o
 .rela.data.rel.ro
                0x000000000001d018        0x0 D:/devkitPro/devkitA64/bin/../lib/gcc/aarch64-none-elf/15.1.0/pic/crti.o
 .rela.init_array
                0x000000000001d018        0x0 D:/devkitPro/devkitA64/bin/../lib/gcc/aarch64-none-elf/15.1.0/pic/crti.o
 .rela.fini_array
                0x000000000001d018        0x0 D:/devkitPro/devkitA64/bin/../lib/gcc/aarch64-none-elf/15.1.0/pic/crti.o
 .rela.ifunc    0x000000000001d018        0x0 D:/devkitPro/devkitA64/bin/../lib/gcc/aarch64-none-elf/15.1.0/pic/crti.o
 .rela.data.rel.ro.local.fsdev_devoptab
                0x000000000001d018        0x0 D:/devkitPro/devkitA64/bin/../lib/gcc/aarch64-none-elf/15.1.0/pic/crti.o
 .rela.data.rel.ro.local.g_socketDevoptab
                0x000000000001d018        0x0 D:/devkitPro/devkitA64/bin/../lib/gcc/aarch64-none-elf/15.1.0/pic/crti.o
 .rela.data.rel.__sglue
                0x000000000001d018        0x0 D:/devkitPro/devkitA64/bin/../lib/gcc/aarch64-none-elf/15.1.0/pic/crti.o
 .rela.data.rel.__malloc_av_
                0x000000000001d018        0x0 D:/devkitPro/devkitA64/bin/../lib/gcc/aarch64-none-elf/15.1.0/pic/crti.o
 .rela.data.rel._impure_ptr
                0x000000000001d018        0x0 D:/devkitPro/devkitA64/bin/../lib/gcc/aarch64-none-elf/15.1.0/pic/crti.o
 .rela.data.rel._impure_data
                0x000000000001d018        0x0 D:/devkitPro/devkitA64/bin/../lib/gcc/aarch64-none-elf/15.1.0/pic/crti.o
 .rela.data.rel.__global_locale
                0x000000000001d018        0x0 D:/devkitPro/devkitA64/bin/../lib/gcc/aarch64-none-elf/15.1.0/pic/crti.o
 .rela.data.rel.local.handles
                0x000000000001d018        0x0 D:/devkitPro/devkitA64/bin/../lib/gcc/aarch64-none-elf/15.1.0/pic/crti.o
 .rela.data.rel.devoptab_list
                0x000000000001d018        0x0 D:/devkitPro/devkitA64/bin/../lib/gcc/aarch64-none-elf/15.1.0/pic/crti.o
 .rela.data.rel.ro.local.dotab_stdnull
                0x000000000001d018        0x0 D:/devkitPro/devkitA64/bin/../lib/gcc/aarch64-none-elf/15.1.0/pic/crti.o

.relr.dyn       0x000000000001d018       0x70
 *(.relr.*)
 .relr.dyn      0x000000000001d018       0x70 D:/devkitPro/devkitA64/bin/../lib/gcc/aarch64-none-elf/15.1.0/pic/crti.o
